<html>
<body>
<pre>
<h1>µVision Build Log</h1>
<h2>Tool Versions:</h2>
IDE-Version: ¦ÌVision V5.26.0.0
Copyright (C) 2018 ARM Ltd and ARM Germany GmbH. All rights reserved.
License Information: zhouzhanhong zhouzhanhong, zhouzhanhong, LIC=8MZAR-KQ644-49DG2-934H1-3MT3G-3B973
 
Tool Versions:
Toolchain:       MDK-ARM Professional  Version: 5.26.0.0
Toolchain Path:  C:\Keil_v5\ARM\ARMCC\Bin
C Compiler:      Armcc.exe V5.06 update 6 (build 750)
Assembler:       Armasm.exe V5.06 update 6 (build 750)
Linker/Locator:  ArmLink.exe V5.06 update 6 (build 750)
Library Manager: ArmAr.exe V5.06 update 6 (build 750)
Hex Converter:   FromElf.exe V5.06 update 6 (build 750)
CPU DLL:         SARMCM3.DLL V5.26.0.0
Dialog DLL:      DCM.DLL V1.17.1.0
Target DLL:      CMSIS_AGDI.dll V1.30.6.0
Dialog DLL:      TCM.DLL V1.35.3.0
 
<h2>Project:</h2>
D:\All Coding\RM-Raceing-Code\Anshinin RM_Infantry2\Project\MDK5\RoboMaster.uvprojx
Project File Date:  02/28/2019

<h2>Output:</h2>
*** Using Compiler 'V5.06 update 6 (build 750)', folder: 'C:\Keil_v5\ARM\ARMCC\Bin'
Build target 'STM32F427IIHx'
compiling Cloud_Control.c...
..\..\Devices\Cloud_Control.c(211): warning:  #177-D: variable "M6623s_PIDOut"  was declared but never referenced
      int M6623s_PIDOut;
..\..\Devices\Cloud_Control.c: 1 warning, 0 errors
linking...
Program Size: Code=27340 RO-data=884 RW-data=228 ZI-data=50532  
FromELF: creating hex file...
".\Objects\RoboMaster.axf" - 0 Error(s), 1 Warning(s).

<h2>Software Packages used:</h2>

Package Vendor: Keil
                http://www.keil.com/pack/Keil.STM32F4xx_DFP.2.13.0.pack
                Keil.STM32F4xx_DFP.2.13.0
                STMicroelectronics STM32F4 Series Device Support, Drivers and Examples

<h2>Collection of Component include folders:</h2>
  .\RTE\_STM32F427IIHx
  C:\Keil_v5\ARM\PACK\Keil\STM32F4xx_DFP\2.13.0\Drivers\CMSIS\Device\ST\STM32F4xx\Include

<h2>Collection of Component Files used:</h2>
Build Time Elapsed:  00:00:03
</pre>
</body>
</html>
