Component: ARM Compiler 5.06 update 6 (build 750) Tool: armlink [4d35ed]

==============================================================================

Section Cross References

    main.o(i.main) refers to tasks.o(i.xTaskCreate) for xTaskCreate
    main.o(i.main) refers to tasks.o(i.vTaskStartScheduler) for vTaskStartScheduler
    main.o(i.main) refers to task_init.o(.data) for StartTaskHandler
    main.o(i.main) refers to task_init.o(i.TaskStart) for TaskStart
    stm32f4xx_it.o(i.CAN1_RX0_IRQHandler) refers to stm32f4xx_can.o(i.CAN_GetITStatus) for CAN_GetITStatus
    stm32f4xx_it.o(i.CAN1_RX0_IRQHandler) refers to stm32f4xx_can.o(i.CAN_Receive) for CAN_Receive
    stm32f4xx_it.o(i.CAN1_RX0_IRQHandler) refers to queue.o(i.xQueueGenericSendFromISR) for xQueueGenericSendFromISR
    stm32f4xx_it.o(i.CAN1_RX0_IRQHandler) refers to stm32f4xx_can.o(i.CAN_ClearITPendingBit) for CAN_ClearITPendingBit
    stm32f4xx_it.o(i.CAN1_RX0_IRQHandler) refers to task_can.o(.data) for xCan1RxQueue
    stm32f4xx_it.o(i.SysTick_Handler) refers to tasks.o(i.xTaskGetSchedulerState) for xTaskGetSchedulerState
    stm32f4xx_it.o(i.SysTick_Handler) refers to port.o(i.xPortSysTickHandler) for xPortSysTickHandler
    stm32f4xx_it.o(i.USART1_IRQHandler) refers to stm32f4xx_usart.o(i.USART_GetITStatus) for USART_GetITStatus
    stm32f4xx_it.o(i.USART1_IRQHandler) refers to stm32f4xx_dma.o(i.DMA_Cmd) for DMA_Cmd
    stm32f4xx_it.o(i.USART1_IRQHandler) refers to stm32f4xx_dma.o(i.DMA_GetCurrDataCounter) for DMA_GetCurrDataCounter
    stm32f4xx_it.o(i.USART1_IRQHandler) refers to queue.o(i.xQueueGenericSendFromISR) for xQueueGenericSendFromISR
    stm32f4xx_it.o(i.USART1_IRQHandler) refers to dr16.o(.bss) for DR16_Buff
    stm32f4xx_it.o(i.USART1_IRQHandler) refers to task_usart.o(.data) for xUsart1RxQueue
    stm32f4xx_it.o(i.USART2_IRQHandler) refers to stm32f4xx_usart.o(i.USART_GetITStatus) for USART_GetITStatus
    stm32f4xx_it.o(i.USART2_IRQHandler) refers to stm32f4xx_dma.o(i.DMA_Cmd) for DMA_Cmd
    stm32f4xx_it.o(i.USART2_IRQHandler) refers to queue.o(i.xQueueGenericSendFromISR) for xQueueGenericSendFromISR
    stm32f4xx_it.o(i.USART2_IRQHandler) refers to stm32f4xx_dma.o(i.DMA_SetCurrDataCounter) for DMA_SetCurrDataCounter
    stm32f4xx_it.o(i.USART2_IRQHandler) refers to aiming_control.o(.data) for CV_RXBUFF
    stm32f4xx_it.o(i.USART2_IRQHandler) refers to task_usart.o(.data) for xUsart2RxQueue
    stm32f4xx_it.o(i.USART6_IRQHandler) refers to stm32f4xx_usart.o(i.USART_GetITStatus) for USART_GetITStatus
    stm32f4xx_it.o(i.USART6_IRQHandler) refers to stm32f4xx_dma.o(i.DMA_Cmd) for DMA_Cmd
    stm32f4xx_it.o(i.USART6_IRQHandler) refers to stm32f4xx_dma.o(i.DMA_GetCurrDataCounter) for DMA_GetCurrDataCounter
    stm32f4xx_it.o(i.USART6_IRQHandler) refers to queue.o(i.xQueueGenericSendFromISR) for xQueueGenericSendFromISR
    stm32f4xx_it.o(i.USART6_IRQHandler) refers to stm32f4xx_dma.o(i.DMA_SetCurrDataCounter) for DMA_SetCurrDataCounter
    stm32f4xx_it.o(i.USART6_IRQHandler) refers to stm32f4xx_it.o(.data) for .data
    stm32f4xx_it.o(i.USART6_IRQHandler) refers to imu.o(.bss) for Cloud_GY_IMU_RXBUFF
    stm32f4xx_it.o(i.USART6_IRQHandler) refers to task_usart.o(.data) for xUsart6RxQueue
    task_init.o(i.TaskStart) refers to misc.o(i.NVIC_PriorityGroupConfig) for NVIC_PriorityGroupConfig
    task_init.o(i.TaskStart) refers to port.o(i.vPortEnterCritical) for vPortEnterCritical
    task_init.o(i.TaskStart) refers to bsp_can.o(i.CAN1_QuickInit) for CAN1_QuickInit
    task_init.o(i.TaskStart) refers to bsp_led.o(i.LED_Init) for LED_Init
    task_init.o(i.TaskStart) refers to bsp_laser.o(i.LASER_Init) for LASER_Init
    task_init.o(i.TaskStart) refers to dr16.o(i.DR16_Init) for DR16_Init
    task_init.o(i.TaskStart) refers to imu.o(i.IMU_Init) for IMU_Init
    task_init.o(i.TaskStart) refers to tasks.o(i.vTaskDelay) for vTaskDelay
    task_init.o(i.TaskStart) refers to aiming_control.o(i.Aiming_Init) for Aiming_Init
    task_init.o(i.TaskStart) refers to chassis_control.o(i.Chassis_Init) for Chassis_Init
    task_init.o(i.TaskStart) refers to cloud_control.o(i.Cloud_Init) for Cloud_Init
    task_init.o(i.TaskStart) refers to task_can.o(i.CAN_TaskCreate) for CAN_TaskCreate
    task_init.o(i.TaskStart) refers to task_usart.o(i.USART_TaskCreate) for USART_TaskCreate
    task_init.o(i.TaskStart) refers to task_control.o(i.Control_TaskCreate) for Control_TaskCreate
    task_init.o(i.TaskStart) refers to tasks.o(i.vTaskDelete) for vTaskDelete
    task_init.o(i.TaskStart) refers to port.o(i.vPortExitCritical) for vPortExitCritical
    task_init.o(i.TaskStart) refers to task_init.o(.data) for .data
    task_can.o(i.CAN1_ReceiveTask) refers to queue.o(i.xQueueGenericReceive) for xQueueGenericReceive
    task_can.o(i.CAN1_ReceiveTask) refers to analysis.o(i.Analysis_getinfo) for Analysis_getinfo
    task_can.o(i.CAN1_ReceiveTask) refers to stm32f4xx_gpio.o(i.GPIO_ToggleBits) for GPIO_ToggleBits
[...]
    i.prvProcessReceivedCommands             0x08005938   Section        0  timers.o(i.prvProcessReceivedCommands)
    prvProcessReceivedCommands               0x08005939   Thumb Code   196  timers.o(i.prvProcessReceivedCommands)
    i.prvProcessTimerOrBlockTask             0x08005a28   Section        0  timers.o(i.prvProcessTimerOrBlockTask)
    prvProcessTimerOrBlockTask               0x08005a29   Thumb Code    98  timers.o(i.prvProcessTimerOrBlockTask)
    i.prvResetNextTaskUnblockTime            0x08005a94   Section        0  tasks.o(i.prvResetNextTaskUnblockTime)
    prvResetNextTaskUnblockTime              0x08005a95   Thumb Code    26  tasks.o(i.prvResetNextTaskUnblockTime)
    i.prvSampleTimeNow                       0x08005ab4   Section        0  timers.o(i.prvSampleTimeNow)
    prvSampleTimeNow                         0x08005ab5   Thumb Code    36  timers.o(i.prvSampleTimeNow)
    i.prvSwitchTimerLists                    0x08005adc   Section        0  timers.o(i.prvSwitchTimerLists)
    prvSwitchTimerLists                      0x08005add   Thumb Code   100  timers.o(i.prvSwitchTimerLists)
    i.prvTaskExitError                       0x08005b48   Section        0  port.o(i.prvTaskExitError)
    prvTaskExitError                         0x08005b49   Thumb Code    36  port.o(i.prvTaskExitError)
    i.prvTimerTask                           0x08005bb0   Section        0  timers.o(i.prvTimerTask)
    prvTimerTask                             0x08005bb1   Thumb Code    32  timers.o(i.prvTimerTask)
    i.prvUnlockQueue                         0x08005bd4   Section        0  queue.o(i.prvUnlockQueue)
    prvUnlockQueue                           0x08005bd5   Thumb Code   120  queue.o(i.prvUnlockQueue)
    i.pvPortMalloc                           0x08005c4c   Section        0  heap_4.o(i.pvPortMalloc)
    i.pvTaskIncrementMutexHeldCount          0x08005d64   Section        0  tasks.o(i.pvTaskIncrementMutexHeldCount)
    i.pxPortInitialiseStack                  0x08005d7c   Section        0  port.o(i.pxPortInitialiseStack)
    i.sqrt                                   0x08005da8   Section        0  sqrt.o(i.sqrt)
    i.uxListRemove                           0x08005e16   Section        0  list.o(i.uxListRemove)
    i.vListInitialise                        0x08005e3a   Section        0  list.o(i.vListInitialise)
    i.vListInitialiseItem                    0x08005e50   Section        0  list.o(i.vListInitialiseItem)
    i.vListInsert                            0x08005e56   Section        0  list.o(i.vListInsert)
    i.vListInsertEnd                         0x08005e86   Section        0  list.o(i.vListInsertEnd)
    i.vPortEnterCritical                     0x08005ea0   Section        0  port.o(i.vPortEnterCritical)
    i.vPortExitCritical                      0x08005f1c   Section        0  port.o(i.vPortExitCritical)
    i.vPortFree                              0x08005f84   Section        0  heap_4.o(i.vPortFree)
    i.vPortSetupTimerInterrupt               0x08006024   Section        0  port.o(i.vPortSetupTimerInterrupt)
    i.vPortValidateInterruptPriority         0x08006044   Section        0  port.o(i.vPortValidateInterruptPriority)
    i.vQueueAddToRegistry                    0x080060d4   Section        0  queue.o(i.vQueueAddToRegistry)
    i.vQueueWaitForMessageRestricted         0x080060fc   Section        0  queue.o(i.vQueueWaitForMessageRestricted)
    i.vTaskDelay                             0x08006140   Section        0  tasks.o(i.vTaskDelay)
    i.vTaskDelayUntil                        0x080061b0   Section        0  tasks.o(i.vTaskDelayUntil)
    i.vTaskDelete                            0x08006258   Section        0  tasks.o(i.vTaskDelete)
    i.vTaskMissedYield                       0x08006328   Section        0  tasks.o(i.vTaskMissedYield)
    i.vTaskPlaceOnEventList                  0x08006334   Section        0  tasks.o(i.vTaskPlaceOnEventList)
    i.vTaskPlaceOnEventListRestricted        0x0800638c   Section        0  tasks.o(i.vTaskPlaceOnEventListRestricted)
    i.vTaskPriorityInherit                   0x080063ec   Section        0  tasks.o(i.vTaskPriorityInherit)
    i.vTaskSetTimeOutState                   0x08006470   Section        0  tasks.o(i.vTaskSetTimeOutState)
    i.vTaskStartScheduler                    0x080064bc   Section        0  tasks.o(i.vTaskStartScheduler)
    i.vTaskSuspendAll                        0x08006554   Section        0  tasks.o(i.vTaskSuspendAll)
    i.vTaskSwitchContext                     0x08006564   Section        0  tasks.o(i.vTaskSwitchContext)
    i.xPortStartScheduler                    0x080065e4   Section        0  port.o(i.xPortStartScheduler)
    i.xPortSysTickHandler                    0x080066f8   Section        0  port.o(i.xPortSysTickHandler)
    i.xQueueGenericCreate                    0x08006724   Section        0  queue.o(i.xQueueGenericCreate)
    i.xQueueGenericReceive                   0x080067a0   Section        0  queue.o(i.xQueueGenericReceive)
    i.xQueueGenericReset                     0x08006928   Section        0  queue.o(i.xQueueGenericReset)
    i.xQueueGenericSend                      0x080069d4   Section        0  queue.o(i.xQueueGenericSend)
    i.xQueueGenericSendFromISR               0x08006b58   Section        0  queue.o(i.xQueueGenericSendFromISR)
    i.xTaskCheckForTimeOut                   0x08006c40   Section        0  tasks.o(i.xTaskCheckForTimeOut)
    i.xTaskCreate                            0x08006ccc   Section        0  tasks.o(i.xTaskCreate)
    i.xTaskGetSchedulerState                 0x08006d24   Section        0  tasks.o(i.xTaskGetSchedulerState)
    i.xTaskGetTickCount                      0x08006d40   Section        0  tasks.o(i.xTaskGetTickCount)
    i.xTaskIncrementTick                     0x08006d4c   Section        0  tasks.o(i.xTaskIncrementTick)
    i.xTaskPriorityDisinherit                0x08006e38   Section        0  tasks.o(i.xTaskPriorityDisinherit)
    i.xTaskRemoveFromEventList               0x08006ef0   Section        0  tasks.o(i.xTaskRemoveFromEventList)
    i.xTaskResumeAll                         0x08006f8c   Section        0  tasks.o(i.xTaskResumeAll)
    i.xTimerCreate                           0x08007078   Section        0  timers.o(i.xTimerCreate)
    i.xTimerCreateTimerTask                  0x080070ec   Section        0  timers.o(i.xTimerCreateTimerTask)
    i.xTimerGenericCommand                   0x08007160   Section        0  timers.o(i.xTimerGenericCommand)
    .constdata                               0x080071f0   Section      128  cloud_control.o(.constdata)
    .constdata                               0x08007270   Section      756  pid.o(.constdata)
    .constdata                               0x08007568   Section      136  pow.o(.constdata)
    bp                                       0x08007568   Data          16  pow.o(.constdata)
    dp_h                                     0x08007578   Data          16  pow.o(.constdata)
    dp_l                                     0x08007588   Data          16  pow.o(.constdata)
    L                                        0x08007598   Data          48  pow.o(.constdata)
    P                                        0x080075c8   Data          40  pow.o(.constdata)
    .constdata                               0x080075f0   Section      152  atan.o(.constdata)
    atanhi                                   0x080075f0   Data          32  atan.o(.constdata)
    atanlo                                   0x08007610   Data          32  atan.o(.constdata)
    aTodd                                    0x08007630   Data          40  atan.o(.constdata)
    aTeven                                   0x08007658   Data          48  atan.o(.constdata)
    .constdata                               0x08007688   Section        8  qnan.o(.constdata)
    .constdata                               0x08007690   Section       64  ctype_c.o(.constdata)
    .data                                    0x20000000   Section        2  stm32f4xx_it.o(.data)
    .data                                    0x20000004   Section        4  task_init.o(.data)
    .data                                    0x20000008   Section        8  task_can.o(.data)
    CAN_ReceiveHandler                       0x20000008   Data           4  task_can.o(.data)
    .data                                    0x20000010   Section       24  task_usart.o(.data)
    USART1_ReceiverHandler                   0x20000010   Data           4  task_usart.o(.data)
    USART2_ReceiverHandler                   0x20000018   Data           4  task_usart.o(.data)
    USART6_ReceiverHandler                   0x20000020   Data           4  task_usart.o(.data)
    .data                                    0x20000028   Section       12  task_control.o(.data)
    Device_FlashHandler                      0x20000028   Data           4  task_control.o(.data)
    LED_LightHandler                         0x2000002c   Data           4  task_control.o(.data)
    Cloud_Handler                            0x20000030   Data           4  task_control.o(.data)
    .data                                    0x20000034   Section        8  cloud_control.o(.data)
    .data                                    0x2000003c   Section        8  aiming_control.o(.data)
    .data                                    0x20000044   Section        4  bsp_usart.o(.data)
    Using_USART                              0x20000044   Data           4  bsp_usart.o(.data)
    .data                                    0x20000048   Section       60  tasks.o(.data)
    uxDeletedTasksWaitingCleanUp             0x2000004c   Data           4  tasks.o(.data)
    uxCurrentNumberOfTasks                   0x20000050   Data           4  tasks.o(.data)
    xTickCount                               0x20000054   Data           4  tasks.o(.data)
    uxTopReadyPriority                       0x20000058   Data           4  tasks.o(.data)
    xSchedulerRunning                        0x2000005c   Data           4  tasks.o(.data)
    uxPendedTicks                            0x20000060   Data           4  tasks.o(.data)
    xYieldPending                            0x20000064   Data           4  tasks.o(.data)
    xNumOfOverflows                          0x20000068   Data           4  tasks.o(.data)
    uxTaskNumber                             0x2000006c   Data           4  tasks.o(.data)
    xNextTaskUnblockTime                     0x20000070   Data           4  tasks.o(.data)
    xIdleTaskHandle                          0x20000074   Data           4  tasks.o(.data)
    uxSchedulerSuspended                     0x20000078   Data           4  tasks.o(.data)
    pxDelayedTaskList                        0x2000007c   Data           4  tasks.o(.data)
    pxOverflowDelayedTaskList                0x20000080   Data           4  tasks.o(.data)
    .data                                    0x20000084   Section       20  timers.o(.data)
    xTimerQueue                              0x20000084   Data           4  timers.o(.data)
    xTimerTaskHandle                         0x20000088   Data           4  timers.o(.data)
    xLastTime                                0x2000008c   Data           4  timers.o(.data)
    pxCurrentTimerList                       0x20000090   Data           4  timers.o(.data)
    pxOverflowTimerList                      0x20000094   Data           4  timers.o(.data)
    .data                                    0x20000098   Section       24  heap_4.o(.data)
    pxEnd                                    0x20000098   Data           4  heap_4.o(.data)
    xFreeBytesRemaining                      0x2000009c   Data           4  heap_4.o(.data)
    xMinimumEverFreeBytesRemaining           0x200000a0   Data           4  heap_4.o(.data)
    xBlockAllocatedBit                       0x200000a4   Data           4  heap_4.o(.data)
    xStart                                   0x200000a8   Data           8  heap_4.o(.data)
    .data                                    0x200000b0   Section       12  port.o(.data)
    ucMaxSysCallPriority                     0x200000b0   Data           1  port.o(.data)
    uxCriticalNesting                        0x200000b4   Data           4  port.o(.data)
    ulMaxPRIGROUPValue                       0x200000b8   Data           4  port.o(.data)
    .data                                    0x200000bc   Section       16  stm32f4xx_rcc.o(.data)
    APBAHBPrescTable                         0x200000bc   Data          16  stm32f4xx_rcc.o(.data)
    .data                                    0x200000cc   Section       20  system_stm32f4xx.o(.data)
    .data                                    0x200000e0   Section        4  stdout.o(.data)
    .data                                    0x200000e4   Section        4  errno.o(.data)
    _errno                                   0x200000e4   Data           4  errno.o(.data)
    .bss                                     0x200000e8   Section       30  imu.o(.bss)
    .bss                                     0x20000108   Section       40  imu.o(.bss)
    .bss                                     0x20000130   Section      128  dr16.o(.bss)
    .bss                                     0x200001b0   Section      440  cloud_control.o(.bss)
    .bss                                     0x20000368   Section       24  aiming_control.o(.bss)
    .bss                                     0x20000380   Section      128  chassis_control.o(.bss)
    .bss                                     0x20000400   Section      980  analysis.o(.bss)
    .bss                                     0x200007d4   Section       64  queue.o(.bss)
    .bss                                     0x20000814   Section      740  tasks.o(.bss)
    pxReadyTasksLists                        0x20000814   Data         640  tasks.o(.bss)
    xDelayedTaskList1                        0x20000a94   Data          20  tasks.o(.bss)
    xDelayedTaskList2                        0x20000aa8   Data          20  tasks.o(.bss)
    xPendingReadyList                        0x20000abc   Data          20  tasks.o(.bss)
    xTasksWaitingTermination                 0x20000ad0   Data          20  tasks.o(.bss)
    xSuspendedTaskList                       0x20000ae4   Data          20  tasks.o(.bss)
    .bss                                     0x20000af8   Section       40  timers.o(.bss)
    xActiveTimerList1                        0x20000af8   Data          20  timers.o(.bss)
    xActiveTimerList2                        0x20000b0c   Data          20  timers.o(.bss)
    .bss                                     0x20000b20   Section    47104  heap_4.o(.bss)
    ucHeap                                   0x20000b20   Data       47104  heap_4.o(.bss)
    STACK                                    0x2000c320   Section     2048  startup_stm32f427_437xx.o(STACK)

    Global Symbols

    Symbol Name                              Value     Ov Type        Size  Object(Section)

    BuildAttributes$$THM_ISAv4$E$P$D$K$B$S$7EM$VFPi3$EXTD16$VFPS$VFMA$PE$A:L22UL41UL21$X:L11$S22US41US21$IEEE1$IW$USESV6$~STKCKD$USESV7$~SHL$OTIME$ROPI$IEEEX$EBA8$MICROLIB$REQ8$PRES8$EABIv2 0x00000000   Number         0  anon$$obj.o ABSOLUTE
    __ARM_use_no_argv                        0x00000000   Number         0  main.o ABSOLUTE
    _printf_a                                0x00000000   Number         0  stubs.o ABSOLUTE
    _printf_c                                0x00000000   Number         0  stubs.o ABSOLUTE
    _printf_charcount                        0x00000000   Number         0  stubs.o ABSOLUTE
    _printf_d                                0x00000000   Number         0  stubs.o ABSOLUTE
    _printf_e                                0x00000000   Number         0  stubs.o ABSOLUTE
    _printf_f                                0x00000000   Number         0  stubs.o ABSOLUTE
    _printf_flags                            0x00000000   Number         0  stubs.o ABSOLUTE
    _printf_fp_dec                           0x00000000   Number         0  stubs.o ABSOLUTE
    _printf_fp_hex                           0x00000000   Number         0  stubs.o ABSOLUTE
    _printf_g                                0x00000000   Number         0  stubs.o ABSOLUTE
    _printf_i                                0x00000000   Number         0  stubs.o ABSOLUTE
    _printf_int_dec                          0x00000000   Number         0  stubs.o ABSOLUTE
    _printf_l                                0x00000000   Number         0  stubs.o ABSOLUTE
    _printf_lc                               0x00000000   Number         0  stubs.o ABSOLUTE
    _printf_ll                               0x00000000   Number         0  stubs.o ABSOLUTE
    _printf_lld                              0x00000000   Number         0  stubs.o ABSOLUTE
    _printf_lli                              0x00000000   Number         0  stubs.o ABSOLUTE
    _printf_llo                              0x00000000   Number         0  stubs.o ABSOLUTE
    _printf_llu                              0x00000000   Number         0  stubs.o ABSOLUTE
    _printf_llx                              0x00000000   Number         0  stubs.o ABSOLUTE
    _printf_longlong_dec                     0x00000000   Number         0  stubs.o ABSOLUTE
    _printf_longlong_hex                     0x00000000   Number         0  stubs.o ABSOLUTE
    _printf_longlong_oct                     0x00000000   Number         0  stubs.o ABSOLUTE
    _printf_ls                               0x00000000   Number         0  stubs.o ABSOLUTE
    _printf_mbtowc                           0x00000000   Number         0  stubs.o ABSOLUTE
    _printf_n                                0x00000000   Number         0  stubs.o ABSOLUTE
    _printf_o                                0x00000000   Number         0  stubs.o ABSOLUTE
    _printf_p                                0x00000000   Number         0  stubs.o ABSOLUTE
    _printf_percent                          0x00000000   Number         0  stubs.o ABSOLUTE
    _printf_pre_padding                      0x00000000   Number         0  stubs.o ABSOLUTE
    _printf_return_value                     0x00000000   Number         0  stubs.o ABSOLUTE
    _printf_s                                0x00000000   Number         0  stubs.o ABSOLUTE
    _printf_sizespec                         0x00000000   Number         0  stubs.o ABSOLUTE
    _printf_str                              0x00000000   Number         0  stubs.o ABSOLUTE
    _printf_truncate_signed                  0x00000000   Number         0  stubs.o ABSOLUTE
    _printf_truncate_unsigned                0x00000000   Number         0  stubs.o ABSOLUTE
    _printf_u                                0x00000000   Number         0  stubs.o ABSOLUTE
    _printf_wc                               0x00000000   Number         0  stubs.o ABSOLUTE
    _printf_wctomb                           0x00000000   Number         0  stubs.o ABSOLUTE
    _printf_widthprec                        0x00000000   Number         0  stubs.o ABSOLUTE
    _printf_x                                0x00000000   Number         0  stubs.o ABSOLUTE
    __cpp_initialize__aeabi_                  - Undefined Weak Reference
    __cxa_finalize                            - Undefined Weak Reference
    __decompress                              - Undefined Weak Reference
    _clock_init                               - Undefined Weak Reference
    _microlib_exit                            - Undefined Weak Reference
    _scanf_longlong                           - Undefined Weak Reference
    _scanf_real                               - Undefined Weak Reference
    _scanf_string                             - Undefined Weak Reference
    __Vectors_Size                           0x000001ac   Number         0  startup_stm32f427_437xx.o ABSOLUTE
    __Vectors                                0x08000000   Data           4  startup_stm32f427_437xx.o(RESET)
    __Vectors_End                            0x080001ac   Data           0  startup_stm32f427_437xx.o(RESET)
    __main                                   0x080001ad   Thumb Code     0  entry.o(.ARM.Collect$$$$00000000)
    _main_stk                                0x080001ad   Thumb Code     0  entry2.o(.ARM.Collect$$$$00000001)
    _main_scatterload                        0x080001b1   Thumb Code     0  entry5.o(.ARM.Collect$$$$00000004)
    __main_after_scatterload                 0x080001b5   Thumb Code     0  entry5.o(.ARM.Collect$$$$00000004)
    _main_clock                              0x080001b5   Thumb Code     0  entry7b.o(.ARM.Collect$$$$00000008)
    _main_cpp_init                           0x080001b5   Thumb Code     0  entry8b.o(.ARM.Collect$$$$0000000A)
    _main_init                               0x080001b5   Thumb Code     0  entry9a.o(.ARM.Collect$$$$0000000B)
    __rt_final_cpp                           0x080001bd   Thumb Code     0  entry10a.o(.ARM.Collect$$$$0000000D)
    __rt_final_exit                          0x080001bd   Thumb Code     0  entry11a.o(.ARM.Collect$$$$0000000F)
    SVC_Handler                              0x080001c1   Thumb Code    28  port.o(.emb_text)
    __asm___6_port_c_39a90d8d__prvStartFirstTask 0x080001e1   Thumb Code    28  port.o(.emb_text)
    __asm___6_port_c_39a90d8d__prvEnableVFP  0x08000201   Thumb Code    16  port.o(.emb_text)
    PendSV_Handler                           0x08000215   Thumb Code    88  port.o(.emb_text)
    vPortGetIPSR                             0x08000271   Thumb Code     6  port.o(.emb_text)
    Reset_Handler                            0x08000279   Thumb Code     8  startup_stm32f427_437xx.o(.text)
    ADC_IRQHandler                           0x08000293   Thumb Code     0  startup_stm32f427_437xx.o(.text)
    CAN1_RX1_IRQHandler                      0x08000293   Thumb Code     0  startup_stm32f427_437xx.o(.text)
    CAN1_SCE_IRQHandler                      0x08000293   Thumb Code     0  startup_stm32f427_437xx.o(.text)
    CAN1_TX_IRQHandler                       0x08000293   Thumb Code     0  startup_stm32f427_437xx.o(.text)
    CAN2_RX0_IRQHandler                      0x08000293   Thumb Code     0  startup_stm32f427_437xx.o(.text)
    CAN2_RX1_IRQHandler                      0x08000293   Thumb Code     0  startup_stm32f427_437xx.o(.text)
    CAN2_SCE_IRQHandler                      0x08000293   Thumb Code     0  startup_stm32f427_437xx.o(.text)
    CAN2_TX_IRQHandler                       0x08000293   Thumb Code     0  startup_stm32f427_437xx.o(.text)
    CRYP_IRQHandler                          0x08000293   Thumb Code     0  startup_stm32f427_437xx.o(.text)
    DCMI_IRQHandler                          0x08000293   Thumb Code     0  startup_stm32f427_437xx.o(.text)
    DMA1_Stream0_IRQHandler                  0x08000293   Thumb Code     0  startup_stm32f427_437xx.o(.text)
    DMA1_Stream1_IRQHandler                  0x08000293   Thumb Code     0  startup_stm32f427_437xx.o(.text)
    DMA1_Stream2_IRQHandler                  0x08000293   Thumb Code     0  startup_stm32f427_437xx.o(.text)
    DMA1_Stream3_IRQHandler                  0x08000293   Thumb Code     0  startup_stm32f427_437xx.o(.text)
    DMA1_Stream4_IRQHandler                  0x08000293   Thumb Code     0  startup_stm32f427_437xx.o(.text)
    DMA1_Stream5_IRQHandler                  0x08000293   Thumb Code     0  startup_stm32f427_437xx.o(.text)
    DMA1_Stream6_IRQHandler                  0x08000293   Thumb Code     0  startup_stm32f427_437xx.o(.text)
    DMA1_Stream7_IRQHandler                  0x08000293   Thumb Code     0  startup_stm32f427_437xx.o(.text)
    DMA2D_IRQHandler                         0x08000293   Thumb Code     0  startup_stm32f427_437xx.o(.text)
    DMA2_Stream0_IRQHandler                  0x08000293   Thumb Code     0  startup_stm32f427_437xx.o(.text)
    DMA2_Stream1_IRQHandler                  0x08000293   Thumb Code     0  startup_stm32f427_437xx.o(.text)
    DMA2_Stream2_IRQHandler                  0x08000293   Thumb Code     0  startup_stm32f427_437xx.o(.text)
    DMA2_Stream3_IRQHandler                  0x08000293   Thumb Code     0  startup_stm32f427_437xx.o(.text)
    DMA2_Stream4_IRQHandler                  0x08000293   Thumb Code     0  startup_stm32f427_437xx.o(.text)
    DMA2_Stream5_IRQHandler                  0x08000293   Thumb Code     0  startup_stm32f427_437xx.o(.text)
    DMA2_Stream6_IRQHandler                  0x08000293   Thumb Code     0  startup_stm32f427_437xx.o(.text)
    DMA2_Stream7_IRQHandler                  0x08000293   Thumb Code     0  startup_stm32f427_437xx.o(.text)
    ETH_IRQHandler                           0x08000293   Thumb Code     0  startup_stm32f427_437xx.o(.text)
    ETH_WKUP_IRQHandler                      0x08000293   Thumb Code     0  startup_stm32f427_437xx.o(.text)
    EXTI0_IRQHandler                         0x08000293   Thumb Code     0  startup_stm32f427_437xx.o(.text)
    EXTI15_10_IRQHandler                     0x08000293   Thumb Code     0  startup_stm32f427_437xx.o(.text)
    EXTI1_IRQHandler                         0x08000293   Thumb Code     0  startup_stm32f427_437xx.o(.text)
    EXTI2_IRQHandler                         0x08000293   Thumb Code     0  startup_stm32f427_437xx.o(.text)
    EXTI3_IRQHandler                         0x08000293   Thumb Code     0  startup_stm32f427_437xx.o(.text)
    EXTI4_IRQHandler                         0x08000293   Thumb Code     0  startup_stm32f427_437xx.o(.text)
    EXTI9_5_IRQHandler                       0x08000293   Thumb Code     0  startup_stm32f427_437xx.o(.text)
    FLASH_IRQHandler                         0x08000293   Thumb Code     0  startup_stm32f427_437xx.o(.text)
    FMC_IRQHandler                           0x08000293   Thumb Code     0  startup_stm32f427_437xx.o(.text)
    FPU_IRQHandler                           0x08000293   Thumb Code     0  startup_stm32f427_437xx.o(.text)
    HASH_RNG_IRQHandler                      0x08000293   Thumb Code     0  startup_stm32f427_437xx.o(.text)
    I2C1_ER_IRQHandler                       0x08000293   Thumb Code     0  startup_stm32f427_437xx.o(.text)
    I2C1_EV_IRQHandler                       0x08000293   Thumb Code     0  startup_stm32f427_437xx.o(.text)
    I2C2_ER_IRQHandler                       0x08000293   Thumb Code     0  startup_stm32f427_437xx.o(.text)
    I2C2_EV_IRQHandler                       0x08000293   Thumb Code     0  startup_stm32f427_437xx.o(.text)
    I2C3_ER_IRQHandler                       0x08000293   Thumb Code     0  startup_stm32f427_437xx.o(.text)
    I2C3_EV_IRQHandler                       0x08000293   Thumb Code     0  startup_stm32f427_437xx.o(.text)
    OTG_FS_IRQHandler                        0x08000293   Thumb Code     0  startup_stm32f427_437xx.o(.text)
    OTG_FS_WKUP_IRQHandler                   0x08000293   Thumb Code     0  startup_stm32f427_437xx.o(.text)
    OTG_HS_EP1_IN_IRQHandler                 0x08000293   Thumb Code     0  startup_stm32f427_437xx.o(.text)
    OTG_HS_EP1_OUT_IRQHandler                0x08000293   Thumb Code     0  startup_stm32f427_437xx.o(.text)
    OTG_HS_IRQHandler                        0x08000293   Thumb Code     0  startup_stm32f427_437xx.o(.text)
    OTG_HS_WKUP_IRQHandler                   0x08000293   Thumb Code     0  startup_stm32f427_437xx.o(.text)
    PVD_IRQHandler                           0x08000293   Thumb Code     0  startup_stm32f427_437xx.o(.text)
    RCC_IRQHandler                           0x08000293   Thumb Code     0  startup_stm32f427_437xx.o(.text)
    RTC_Alarm_IRQHandler                     0x08000293   Thumb Code     0  startup_stm32f427_437xx.o(.text)
    RTC_WKUP_IRQHandler                      0x08000293   Thumb Code     0  startup_stm32f427_437xx.o(.text)
    SAI1_IRQHandler                          0x08000293   Thumb Code     0  startup_stm32f427_437xx.o(.text)
    SDIO_IRQHandler                          0x08000293   Thumb Code     0  startup_stm32f427_437xx.o(.text)
    SPI1_IRQHandler                          0x08000293   Thumb Code     0  startup_stm32f427_437xx.o(.text)
    SPI2_IRQHandler                          0x08000293   Thumb Code     0  startup_stm32f427_437xx.o(.text)
    SPI3_IRQHandler                          0x08000293   Thumb Code     0  startup_stm32f427_437xx.o(.text)
    SPI4_IRQHandler                          0x08000293   Thumb Code     0  startup_stm32f427_437xx.o(.text)
    SPI5_IRQHandler                          0x08000293   Thumb Code     0  startup_stm32f427_437xx.o(.text)
    SPI6_IRQHandler                          0x08000293   Thumb Code     0  startup_stm32f427_437xx.o(.text)
    TAMP_STAMP_IRQHandler                    0x08000293   Thumb Code     0  startup_stm32f427_437xx.o(.text)
    TIM1_BRK_TIM9_IRQHandler                 0x08000293   Thumb Code     0  startup_stm32f427_437xx.o(.text)
    TIM1_CC_IRQHandler                       0x08000293   Thumb Code     0  startup_stm32f427_437xx.o(.text)
    TIM1_TRG_COM_TIM11_IRQHandler            0x08000293   Thumb Code     0  startup_stm32f427_437xx.o(.text)
    TIM1_UP_TIM10_IRQHandler                 0x08000293   Thumb Code     0  startup_stm32f427_437xx.o(.text)
    TIM2_IRQHandler                          0x08000293   Thumb Code     0  startup_stm32f427_437xx.o(.text)
    TIM3_IRQHandler                          0x08000293   Thumb Code     0  startup_stm32f427_437xx.o(.text)
    TIM4_IRQHandler                          0x08000293   Thumb Code     0  startup_stm32f427_437xx.o(.text)
    TIM5_IRQHandler                          0x08000293   Thumb Code     0  startup_stm32f427_437xx.o(.text)
    TIM7_IRQHandler                          0x08000293   Thumb Code     0  startup_stm32f427_437xx.o(.text)
    TIM8_BRK_TIM12_IRQHandler                0x08000293   Thumb Code     0  startup_stm32f427_437xx.o(.text)
    TIM8_CC_IRQHandler                       0x08000293   Thumb Code     0  startup_stm32f427_437xx.o(.text)
    TIM8_TRG_COM_TIM14_IRQHandler            0x08000293   Thumb Code     0  startup_stm32f427_437xx.o(.text)
    TIM8_UP_TIM13_IRQHandler                 0x08000293   Thumb Code     0  startup_stm32f427_437xx.o(.text)
    UART4_IRQHandler                         0x08000293   Thumb Code     0  startup_stm32f427_437xx.o(.text)
    UART5_IRQHandler                         0x08000293   Thumb Code     0  startup_stm32f427_437xx.o(.text)
    UART7_IRQHandler                         0x08000293   Thumb Code     0  startup_stm32f427_437xx.o(.text)
    UART8_IRQHandler                         0x08000293   Thumb Code     0  startup_stm32f427_437xx.o(.text)
    WWDG_IRQHandler                          0x08000293   Thumb Code     0  startup_stm32f427_437xx.o(.text)
    __aeabi_memcpy                           0x0800029d   Thumb Code    36  memcpya.o(.text)
    __aeabi_memcpy4                          0x0800029d   Thumb Code     0  memcpya.o(.text)
    __aeabi_memcpy8                          0x0800029d   Thumb Code     0  memcpya.o(.text)
    __aeabi_memset                           0x080002c1   Thumb Code    14  memseta.o(.text)
    __aeabi_memset4                          0x080002c1   Thumb Code     0  memseta.o(.text)
    __aeabi_memset8                          0x080002c1   Thumb Code     0  memseta.o(.text)
    __aeabi_memclr                           0x080002cf   Thumb Code     4  memseta.o(.text)
    __aeabi_memclr4                          0x080002cf   Thumb Code     0  memseta.o(.text)
    __aeabi_memclr8                          0x080002cf   Thumb Code     0  memseta.o(.text)
    _memset$wrapper                          0x080002d3   Thumb Code    18  memseta.o(.text)
    __0sscanf                                0x080002e5   Thumb Code    48  __0sscanf.o(.text)
    _scanf_int                               0x0800031d   Thumb Code   332  _scanf_int.o(.text)
    __aeabi_dadd                             0x08000469   Thumb Code   322  dadd.o(.text)
    __aeabi_dsub                             0x080005ab   Thumb Code     6  dadd.o(.text)
    __aeabi_drsub                            0x080005b1   Thumb Code     6  dadd.o(.text)
    __aeabi_f2d                              0x080005b7   Thumb Code    38  f2d.o(.text)
    __aeabi_d2f                              0x080005dd   Thumb Code    56  d2f.o(.text)
    __aeabi_uidiv                            0x08000615   Thumb Code     0  uidiv.o(.text)
    __aeabi_uidivmod                         0x08000615   Thumb Code    44  uidiv.o(.text)
    __aeabi_llsl                             0x08000641   Thumb Code    30  llshl.o(.text)
    _ll_shift_l                              0x08000641   Thumb Code     0  llshl.o(.text)
    __aeabi_lasr                             0x0800065f   Thumb Code    36  llsshr.o(.text)
    _ll_sshift_r                             0x0800065f   Thumb Code     0  llsshr.o(.text)
    _chval                                   0x08000683   Thumb Code    28  _chval.o(.text)
    __vfscanf_char                           0x080006ad   Thumb Code    20  scanf_char.o(.text)
    _sgetc                                   0x080006c9   Thumb Code    30  _sgetc.o(.text)
    _sbackspace                              0x080006e7   Thumb Code    34  _sgetc.o(.text)
    __I$use$fp                               0x08000709   Thumb Code     0  iusefp.o(.text)
    _float_round                             0x08000709   Thumb Code    18  fepilogue.o(.text)
    _float_epilogue                          0x0800071b   Thumb Code    92  fepilogue.o(.text)
    _double_round                            0x08000777   Thumb Code    30  depilogue.o(.text)
    _double_epilogue                         0x08000795   Thumb Code   156  depilogue.o(.text)
    __aeabi_dmul                             0x08000831   Thumb Code   228  dmul.o(.text)
    __aeabi_ddiv                             0x08000915   Thumb Code   222  ddiv.o(.text)
    __ARM_scalbn                             0x080009f3   Thumb Code    46  dscalb.o(.text)
    scalbn                                   0x080009f3   Thumb Code     0  dscalb.o(.text)
    __aeabi_i2d                              0x08000a21   Thumb Code    34  dflti.o(.text)
    __aeabi_cdrcmple                         0x08000a45   Thumb Code    48  cdrcmple.o(.text)
    __scatterload                            0x08000a75   Thumb Code    28  init.o(.text)
    __scatterload_rt2                        0x08000a75   Thumb Code     0  init.o(.text)
    __aeabi_llsr                             0x08000a99   Thumb Code    32  llushr.o(.text)
    _ll_ushift_r                             0x08000a99   Thumb Code     0  llushr.o(.text)
    isspace                                  0x08000ab9   Thumb Code    10  isspace_c.o(.text)
    __vfscanf                                0x08000ac5   Thumb Code   808  _scanf.o(.text)
    _dsqrt                                   0x08000df1   Thumb Code   162  dsqrt.o(.text)
    __ctype_lookup                           0x08000e95   Thumb Code    34  ctype_c.o(.text)
    Aiming_Init                              0x08000ebd   Thumb Code    20  aiming_control.o(i.Aiming_Init)
    Aiming_Process                           0x08000ed9   Thumb Code    66  aiming_control.o(i.Aiming_Process)
    Analysis_getinfo                         0x08000f25   Thumb Code   244  analysis.o(i.Analysis_getinfo)
    BusFault_Handler                         0x08001021   Thumb Code     2  stm32f4xx_it.o(i.BusFault_Handler)
    CAN1_QuickInit                           0x08001025   Thumb Code   208  bsp_can.o(i.CAN1_QuickInit)
    CAN1_RX0_IRQHandler                      0x080010fd   Thumb Code    78  stm32f4xx_it.o(i.CAN1_RX0_IRQHandler)
    CAN1_ReceiveTask                         0x08001159   Thumb Code    52  task_can.o(i.CAN1_ReceiveTask)
    CAN_ClearITPendingBit                    0x08001195   Thumb Code   116  stm32f4xx_can.o(i.CAN_ClearITPendingBit)
    CAN_FilterInit                           0x0800120d   Thumb Code   194  stm32f4xx_can.o(i.CAN_FilterInit)
    CAN_GetITStatus                          0x080012d9   Thumb Code   162  stm32f4xx_can.o(i.CAN_GetITStatus)
    CAN_ITConfig                             0x08001381   Thumb Code    16  stm32f4xx_can.o(i.CAN_ITConfig)
    CAN_Init                                 0x08001391   Thumb Code   232  stm32f4xx_can.o(i.CAN_Init)
    CAN_Receive                              0x08001479   Thumb Code   144  stm32f4xx_can.o(i.CAN_Receive)
    CAN_TaskCreate                           0x08001509   Thumb Code    36  task_can.o(i.CAN_TaskCreate)
    CAN_Transmit                             0x08001545   Thumb Code   164  stm32f4xx_can.o(i.CAN_Transmit)
    CAN_sendData                             0x080015e9   Thumb Code    56  bsp_can.o(i.CAN_sendData)
    Chassis_Init                             0x08001621   Thumb Code   154  chassis_control.o(i.Chassis_Init)
    Cloud_And_Emitter_CurrentSetting         0x080016dd   Thumb Code    58  current_setting.o(i.Cloud_And_Emitter_CurrentSetting)
    Cloud_CurrentSetting                     0x0800171d   Thumb Code    42  current_setting.o(i.Cloud_CurrentSetting)
    Cloud_Init                               0x0800174d   Thumb Code   256  cloud_control.o(i.Cloud_Init)
    Cloud_Judgement                          0x08001869   Thumb Code   106  cloud_control.o(i.Cloud_Judgement)
    Cloud_Process                            0x080018e1   Thumb Code   462  cloud_control.o(i.Cloud_Process)
    Cloud_Task                               0x08001ad5   Thumb Code    38  task_control.o(i.Cloud_Task)
    Control_TaskCreate                       0x08001b05   Thumb Code    64  task_control.o(i.Control_TaskCreate)
    DMA_Cmd                                  0x08001b81   Thumb Code    20  stm32f4xx_dma.o(i.DMA_Cmd)
    DMA_DeInit                               0x08001b95   Thumb Code   272  stm32f4xx_dma.o(i.DMA_DeInit)
    DMA_GetCmdStatus                         0x08001cb9   Thumb Code    14  stm32f4xx_dma.o(i.DMA_GetCmdStatus)
    DMA_GetCurrDataCounter                   0x08001cc7   Thumb Code     6  stm32f4xx_dma.o(i.DMA_GetCurrDataCounter)
    DMA_Init                                 0x08001ccd   Thumb Code    80  stm32f4xx_dma.o(i.DMA_Init)
    DMA_SetCurrDataCounter                   0x08001d21   Thumb Code     4  stm32f4xx_dma.o(i.DMA_SetCurrDataCounter)
    DR16_Init                                0x08001d25   Thumb Code    20  dr16.o(i.DR16_Init)
    DR16_KeyState                            0x08001d41   Thumb Code    48  bsp_key.o(i.DR16_KeyState)
    DR16_Process                             0x08001d71   Thumb Code   316  dr16.o(i.DR16_Process)
    Data_Suppers                             0x08001eb9   Thumb Code    32  dr16.o(i.Data_Suppers)
    DebugMon_Handler                         0x08001edd   Thumb Code     2  stm32f4xx_it.o(i.DebugMon_Handler)
    DeviceFlash                              0x08001ee1   Thumb Code   154  device_flash.o(i.DeviceFlash)
    Devices_Task                             0x08001f91   Thumb Code    22  task_control.o(i.Devices_Task)
    Filter_IIRLPF                            0x08001fa7   Thumb Code    22  filter.o(i.Filter_IIRLPF)
    Filter_IIRLPFInt                         0x08001fbd   Thumb Code    36  filter.o(i.Filter_IIRLPFInt)
    FuzzyPID_POSInit                         0x08001fe1   Thumb Code   100  pid.o(i.FuzzyPID_POSInit)
    FuzzyPID_PosCalculation                  0x08002049   Thumb Code   266  pid.o(i.FuzzyPID_PosCalculation)
    GPIO_Init                                0x0800215d   Thumb Code   162  stm32f4xx_gpio.o(i.GPIO_Init)
    GPIO_PinAFConfig                         0x080021ff   Thumb Code    32  stm32f4xx_gpio.o(i.GPIO_PinAFConfig)
    GPIO_ResetBits                           0x0800221f   Thumb Code     4  stm32f4xx_gpio.o(i.GPIO_ResetBits)
    GPIO_SetBits                             0x08002223   Thumb Code     4  stm32f4xx_gpio.o(i.GPIO_SetBits)
    GPIO_ToggleBits                          0x08002227   Thumb Code     8  stm32f4xx_gpio.o(i.GPIO_ToggleBits)
    GPIO_WriteBit                            0x0800222f   Thumb Code    10  stm32f4xx_gpio.o(i.GPIO_WriteBit)
    GY_IMU_Checksum                          0x08002239   Thumb Code    32  imu.o(i.GY_IMU_Checksum)
    GetPitch_withDown                        0x08002259   Thumb Code    20  cloud_control.o(i.GetPitch_withDown)
    GetYAW_withLeft                          0x08002275   Thumb Code    28  cloud_control.o(i.GetYAW_withLeft)
    HardFault_Handler                        0x0800229d   Thumb Code     2  stm32f4xx_it.o(i.HardFault_Handler)
    IMU_Init                                 0x080022a1   Thumb Code    22  imu.o(i.IMU_Init)
    IMU_Synchronization                      0x080022bd   Thumb Code    20  imu.o(i.IMU_Synchronization)
    IMU_getinfo                              0x080022d5   Thumb Code   292  imu.o(i.IMU_getinfo)
    IncrementalPID_Init                      0x08002405   Thumb Code    42  pid.o(i.IncrementalPID_Init)
    Ki_Limiting                              0x08002435   Thumb Code    42  bsp_math.o(i.Ki_Limiting)
    LASER_Init                               0x08002461   Thumb Code    56  bsp_laser.o(i.LASER_Init)
    LED_Init                                 0x0800249d   Thumb Code   426  bsp_led.o(i.LED_Init)
    LED_LightTask                            0x08002655   Thumb Code   268  task_control.o(i.LED_LightTask)
    M2006_ZeroDealing_platform               0x08002765   Thumb Code    64  analysis.o(i.M2006_ZeroDealing_platform)
    M6623_ZeroDealing_platform               0x080027ad   Thumb Code    60  analysis.o(i.M6623_ZeroDealing_platform)
    M6623_setTargetAngle                     0x080027f1   Thumb Code    16  cloud_control.o(i.M6623_setTargetAngle)
    MemManage_Handler                        0x08002805   Thumb Code     2  stm32f4xx_it.o(i.MemManage_Handler)
    NMI_Handler                              0x08002807   Thumb Code     2  stm32f4xx_it.o(i.NMI_Handler)
    NVIC_Config                              0x08002809   Thumb Code    28  bsp_nvic.o(i.NVIC_Config)
    NVIC_Init                                0x08002825   Thumb Code    96  misc.o(i.NVIC_Init)
    NVIC_PriorityGroupConfig                 0x08002889   Thumb Code    10  misc.o(i.NVIC_PriorityGroupConfig)
    Output_Limting                           0x0800289d   Thumb Code    42  bsp_math.o(i.Output_Limting)
    PositionPID_Init                         0x080028c9   Thumb Code    42  pid.o(i.PositionPID_Init)
    RCC_AHB1PeriphClockCmd                   0x080028f9   Thumb Code    18  stm32f4xx_rcc.o(i.RCC_AHB1PeriphClockCmd)
    RCC_APB1PeriphClockCmd                   0x08002911   Thumb Code    18  stm32f4xx_rcc.o(i.RCC_APB1PeriphClockCmd)
    RCC_APB2PeriphClockCmd                   0x08002929   Thumb Code    18  stm32f4xx_rcc.o(i.RCC_APB2PeriphClockCmd)
    RCC_GetClocksFreq                        0x08002941   Thumb Code   132  stm32f4xx_rcc.o(i.RCC_GetClocksFreq)
    Rocket_transport                         0x080029d5   Thumb Code   378  dr16.o(i.Rocket_transport)
    SysTick_Handler                          0x08002c35   Thumb Code    20  stm32f4xx_it.o(i.SysTick_Handler)
    SystemInit                               0x08002c49   Thumb Code    74  system_stm32f4xx.o(i.SystemInit)
    TIM6_DAC_IRQHandler                      0x08002ca5   Thumb Code     2  stm32f4xx_it.o(i.TIM6_DAC_IRQHandler)
    TaskStart                                0x08002ca9   Thumb Code    80  task_init.o(i.TaskStart)
    USART1_IRQHandler                        0x08002cfd   Thumb Code    88  stm32f4xx_it.o(i.USART1_IRQHandler)
    USART1_QuickInit                         0x08002d69   Thumb Code   158  bsp_usart.o(i.USART1_QuickInit)
    USART1_RXDMA_Config                      0x08002e11   Thumb Code   120  bsp_usart.o(i.USART1_RXDMA_Config)
    USART1_ReceiveTask                       0x08002e91   Thumb Code    42  task_usart.o(i.USART1_ReceiveTask)
    USART2_IRQHandler                        0x08002ec5   Thumb Code    90  stm32f4xx_it.o(i.USART2_IRQHandler)
    USART2_QuickInit                         0x08002f35   Thumb Code   158  bsp_usart.o(i.USART2_QuickInit)
    USART2_RXDMA_Config                      0x08002fdd   Thumb Code   120  bsp_usart.o(i.USART2_RXDMA_Config)
    USART2_ReceiveTask                       0x0800305d   Thumb Code   100  task_usart.o(i.USART2_ReceiveTask)
    USART3_IRQHandler                        0x080030e1   Thumb Code     2  stm32f4xx_it.o(i.USART3_IRQHandler)
    USART6_IRQHandler                        0x080030e5   Thumb Code   106  stm32f4xx_it.o(i.USART6_IRQHandler)
    USART6_QuickInit                         0x08003169   Thumb Code   158  bsp_usart.o(i.USART6_QuickInit)
    USART6_RXDMA_Config                      0x08003211   Thumb Code   120  bsp_usart.o(i.USART6_RXDMA_Config)
    USART6_ReceiveTask                       0x08003291   Thumb Code    50  task_usart.o(i.USART6_ReceiveTask)
    USART_Cmd                                0x080032d5   Thumb Code    20  stm32f4xx_usart.o(i.USART_Cmd)
    USART_DMACmd                             0x080032e9   Thumb Code    16  stm32f4xx_usart.o(i.USART_DMACmd)
    USART_GetFlagStatus                      0x080032f9   Thumb Code    14  stm32f4xx_usart.o(i.USART_GetFlagStatus)
    USART_GetITStatus                        0x08003307   Thumb Code    62  stm32f4xx_usart.o(i.USART_GetITStatus)
    USART_ITConfig                           0x08003345   Thumb Code    48  stm32f4xx_usart.o(i.USART_ITConfig)
    USART_Init                               0x08003375   Thumb Code   164  stm32f4xx_usart.o(i.USART_Init)
    USART_SendData                           0x08003421   Thumb Code     8  stm32f4xx_usart.o(i.USART_SendData)
    USART_TaskCreate                         0x08003429   Thumb Code   102  task_usart.o(i.USART_TaskCreate)
    UsageFault_Handler                       0x080034dd   Thumb Code     2  stm32f4xx_it.o(i.UsageFault_Handler)
    __0printf$3                              0x080034e1   Thumb Code    22  printf3.o(i.__0printf$3)
    __1printf$3                              0x080034e1   Thumb Code     0  printf3.o(i.__0printf$3)
    __2printf                                0x080034e1   Thumb Code     0  printf3.o(i.__0printf$3)
    __ARM_fpclassify                         0x08003501   Thumb Code    48  fpclassify.o(i.__ARM_fpclassify)
    __hardfp_atan                            0x08003531   Thumb Code   622  atan.o(i.__hardfp_atan)
    __hardfp_atan2                           0x08003809   Thumb Code   432  atan2.o(i.__hardfp_atan2)
    __hardfp_pow                             0x080039f9   Thumb Code  3072  pow.o(i.__hardfp_pow)
    __kernel_poly                            0x08004649   Thumb Code   248  poly.o(i.__kernel_poly)
    __mathlib_dbl_divzero                    0x08004741   Thumb Code    28  dunder.o(i.__mathlib_dbl_divzero)
    __mathlib_dbl_infnan                     0x08004771   Thumb Code    20  dunder.o(i.__mathlib_dbl_infnan)
    __mathlib_dbl_infnan2                    0x08004785   Thumb Code    20  dunder.o(i.__mathlib_dbl_infnan2)
    __mathlib_dbl_invalid                    0x08004799   Thumb Code    24  dunder.o(i.__mathlib_dbl_invalid)
    __mathlib_dbl_overflow                   0x080047b9   Thumb Code    24  dunder.o(i.__mathlib_dbl_overflow)
    __mathlib_dbl_underflow                  0x080047d9   Thumb Code    24  dunder.o(i.__mathlib_dbl_underflow)
    __scatterload_copy                       0x080047f9   Thumb Code    14  handlers.o(i.__scatterload_copy)
    __scatterload_null                       0x08004807   Thumb Code     2  handlers.o(i.__scatterload_null)
    __scatterload_zeroinit                   0x08004809   Thumb Code    14  handlers.o(i.__scatterload_zeroinit)
    __set_errno                              0x08004819   Thumb Code     6  errno.o(i.__set_errno)
    abs_Calculation                          0x080049dd   Thumb Code    16  bsp_math.o(i.abs_Calculation)
    atan                                     0x080049ed   Thumb Code    16  atan.o(i.atan)
    fabs                                     0x080049fd   Thumb Code    24  fabs.o(i.fabs)
    fputc                                    0x08004a15   Thumb Code    30  bsp_usart.o(i.fputc)
    fuzzy_kd                                 0x08004a39   Thumb Code   798  pid.o(i.fuzzy_kd)
    fuzzy_ki                                 0x08004d61   Thumb Code   798  pid.o(i.fuzzy_ki)
    fuzzy_kp                                 0x08005089   Thumb Code   798  pid.o(i.fuzzy_kp)
    main                                     0x080053b1   Thumb Code    30  main.o(i.main)
    pvPortMalloc                             0x08005c4d   Thumb Code   214  heap_4.o(i.pvPortMalloc)
    pvTaskIncrementMutexHeldCount            0x08005d65   Thumb Code    18  tasks.o(i.pvTaskIncrementMutexHeldCount)
    pxPortInitialiseStack                    0x08005d7d   Thumb Code    40  port.o(i.pxPortInitialiseStack)
    sqrt                                     0x08005da9   Thumb Code   110  sqrt.o(i.sqrt)
    uxListRemove                             0x08005e17   Thumb Code    36  list.o(i.uxListRemove)
    vListInitialise                          0x08005e3b   Thumb Code    22  list.o(i.vListInitialise)
    vListInitialiseItem                      0x08005e51   Thumb Code     6  list.o(i.vListInitialiseItem)
    vListInsert                              0x08005e57   Thumb Code    48  list.o(i.vListInsert)
    vListInsertEnd                           0x08005e87   Thumb Code    24  list.o(i.vListInsertEnd)
    vPortEnterCritical                       0x08005ea1   Thumb Code    50  port.o(i.vPortEnterCritical)
    vPortExitCritical                        0x08005f1d   Thumb Code    34  port.o(i.vPortExitCritical)
    vPortFree                                0x08005f85   Thumb Code    94  heap_4.o(i.vPortFree)
    vPortSetupTimerInterrupt                 0x08006025   Thumb Code    26  port.o(i.vPortSetupTimerInterrupt)
    vPortValidateInterruptPriority           0x08006045   Thumb Code    70  port.o(i.vPortValidateInterruptPriority)
    vQueueAddToRegistry                      0x080060d5   Thumb Code    34  queue.o(i.vQueueAddToRegistry)
    vQueueWaitForMessageRestricted           0x080060fd   Thumb Code    68  queue.o(i.vQueueWaitForMessageRestricted)
    vTaskDelay                               0x08006141   Thumb Code    62  tasks.o(i.vTaskDelay)
    vTaskDelayUntil                          0x080061b1   Thumb Code   120  tasks.o(i.vTaskDelayUntil)
    vTaskDelete                              0x08006259   Thumb Code   152  tasks.o(i.vTaskDelete)
    vTaskMissedYield                         0x08006329   Thumb Code     8  tasks.o(i.vTaskMissedYield)
    vTaskPlaceOnEventList                    0x08006335   Thumb Code    44  tasks.o(i.vTaskPlaceOnEventList)
    vTaskPlaceOnEventListRestricted          0x0800638d   Thumb Code    52  tasks.o(i.vTaskPlaceOnEventListRestricted)
    vTaskPriorityInherit                     0x080063ed   Thumb Code   124  tasks.o(i.vTaskPriorityInherit)
    vTaskSetTimeOutState                     0x08006471   Thumb Code    30  tasks.o(i.vTaskSetTimeOutState)
    vTaskStartScheduler                      0x080064bd   Thumb Code    96  tasks.o(i.vTaskStartScheduler)
    vTaskSuspendAll                          0x08006555   Thumb Code    10  tasks.o(i.vTaskSuspendAll)
    vTaskSwitchContext                       0x08006565   Thumb Code    80  tasks.o(i.vTaskSwitchContext)
    xPortStartScheduler                      0x080065e5   Thumb Code   190  port.o(i.xPortStartScheduler)
    xPortSysTickHandler                      0x080066f9   Thumb Code    38  port.o(i.xPortSysTickHandler)
    xQueueGenericCreate                      0x08006725   Thumb Code    82  queue.o(i.xQueueGenericCreate)
    xQueueGenericReceive                     0x080067a1   Thumb Code   348  queue.o(i.xQueueGenericReceive)
    xQueueGenericReset                       0x08006929   Thumb Code   128  queue.o(i.xQueueGenericReset)
    xQueueGenericSend                        0x080069d5   Thumb Code   344  queue.o(i.xQueueGenericSend)
    xQueueGenericSendFromISR                 0x08006b59   Thumb Code   190  queue.o(i.xQueueGenericSendFromISR)
    xTaskCheckForTimeOut                     0x08006c41   Thumb Code    94  tasks.o(i.xTaskCheckForTimeOut)
    xTaskCreate                              0x08006ccd   Thumb Code    86  tasks.o(i.xTaskCreate)
    xTaskGetSchedulerState                   0x08006d25   Thumb Code    22  tasks.o(i.xTaskGetSchedulerState)
    xTaskGetTickCount                        0x08006d41   Thumb Code     6  tasks.o(i.xTaskGetTickCount)
    xTaskIncrementTick                       0x08006d4d   Thumb Code   188  tasks.o(i.xTaskIncrementTick)
    xTaskPriorityDisinherit                  0x08006e39   Thumb Code   136  tasks.o(i.xTaskPriorityDisinherit)
    xTaskRemoveFromEventList                 0x08006ef1   Thumb Code   102  tasks.o(i.xTaskRemoveFromEventList)
    xTaskResumeAll                           0x08006f8d   Thumb Code   182  tasks.o(i.xTaskResumeAll)
    xTimerCreate                             0x08007079   Thumb Code    74  timers.o(i.xTimerCreate)
    xTimerCreateTimerTask                    0x080070ed   Thumb Code    58  timers.o(i.xTimerCreateTimerTask)
    xTimerGenericCommand                     0x08007161   Thumb Code    98  timers.o(i.xTimerGenericCommand)
    __mathlib_zero                           0x08007688   Data           8  qnan.o(.constdata)
    __ctype_categories                       0x08007690   Data          64  ctype_c.o(.constdata)
    Region$$Table$$Base                      0x080076d0   Number         0  anon$$obj.o(Region$$Table)
    Region$$Table$$Limit                     0x080076f0   Number         0  anon$$obj.o(Region$$Table)
    s_U6dataLength                           0x20000000   Data           2  stm32f4xx_it.o(.data)
    StartTaskHandler                         0x20000004   Data           4  task_init.o(.data)
    xCan1RxQueue                             0x2000000c   Data           4  task_can.o(.data)
    xUsart1RxQueue                           0x20000014   Data           4  task_usart.o(.data)
    xUsart2RxQueue                           0x2000001c   Data           4  task_usart.o(.data)
    xUsart6RxQueue                           0x20000024   Data           4  task_usart.o(.data)
    Cloud_delta_Yaw                          0x20000034   Data           4  cloud_control.o(.data)
    Cloud_delta_Pitch                        0x20000038   Data           4  cloud_control.o(.data)
    CV_RXBUFF                                0x2000003c   Data           8  aiming_control.o(.data)
    pxCurrentTCB                             0x20000048   Data           4  tasks.o(.data)
    SystemCoreClock                          0x200000cc   Data           4  system_stm32f4xx.o(.data)
    AHBPrescTable                            0x200000d0   Data          16  system_stm32f4xx.o(.data)
    __stdout                                 0x200000e0   Data           4  stdout.o(.data)
    Cloud_GY_IMU_RXBUFF                      0x200000e8   Data          30  imu.o(.bss)
    Cloud_IMU                                0x20000108   Data          40  imu.o(.bss)
    DR16_Buff                                0x20000130   Data          20  dr16.o(.bss)
    DR16                                     0x20000144   Data          26  dr16.o(.bss)
    RCRocket                                 0x20000160   Data          44  dr16.o(.bss)
    keyBorad                                 0x2000018c   Data          12  dr16.o(.bss)
    MouseKeyLeft                             0x20000198   Data          12  dr16.o(.bss)
    MouseKeyRight                            0x200001a4   Data          12  dr16.o(.bss)
    Cloud                                    0x200001b0   Data         440  cloud_control.o(.bss)
    ControlVision                            0x20000368   Data          24  aiming_control.o(.bss)
    Chassis                                  0x20000380   Data         128  chassis_control.o(.bss)
    RM3508s                                  0x20000400   Data         304  analysis.o(.bss)
    RM6623s                                  0x20000530   Data         448  analysis.o(.bss)
    RM2006s                                  0x200006f0   Data         228  analysis.o(.bss)
    xQueueRegistry                           0x200007d4   Data          64  queue.o(.bss)
    __initial_sp                             0x2000cb20   Data           0  startup_stm32f427_437xx.o(STACK)



==============================================================================

Memory Map of the image

  Image Entry point : 0x080001ad

  Load Region LR_IROM1 (Base: 0x08000000, Size: 0x000077d8, Max: 0x00200000, ABSOLUTE)

    Execution Region ER_IROM1 (Exec base: 0x08000000, Load base: 0x08000000, Size: 0x000076f0, Max: 0x00200000, ABSOLUTE)

    Exec Addr    Load Addr    Size         Type   Attr      Idx    E Section Name        Object

    0x08000000   0x08000000   0x000001ac   Data   RO         7571    RESET               startup_stm32f427_437xx.o
    0x080001ac   0x080001ac   0x00000000   Code   RO         7602  * .ARM.Collect$$$$00000000  mc_w.l(entry.o)
    0x080001ac   0x080001ac   0x00000004   Code   RO         7937    .ARM.Collect$$$$00000001  mc_w.l(entry2.o)
    0x080001b0   0x080001b0   0x00000004   Code   RO         7940    .ARM.Collect$$$$00000004  mc_w.l(entry5.o)
    0x080001b4   0x080001b4   0x00000000   Code   RO         7942    .ARM.Collect$$$$00000008  mc_w.l(entry7b.o)
    0x080001b4   0x080001b4   0x00000000   Code   RO         7944    .ARM.Collect$$$$0000000A  mc_w.l(entry8b.o)
    0x080001b4   0x080001b4   0x00000008   Code   RO         7945    .ARM.Collect$$$$0000000B  mc_w.l(entry9a.o)
    0x080001bc   0x080001bc   0x00000000   Code   RO         7947    .ARM.Collect$$$$0000000D  mc_w.l(entry10a.o)
    0x080001bc   0x080001bc   0x00000000   Code   RO         7949    .ARM.Collect$$$$0000000F  mc_w.l(entry11a.o)
    0x080001bc   0x080001bc   0x00000004   Code   RO         7938    .ARM.Collect$$$$00002712  mc_w.l(entry2.o)
    0x080001c0   0x080001c0   0x000000b6   Code   RO         2392    .emb_text           port.o
    0x08000276   0x08000276   0x00000002   PAD
    0x08000278   0x08000278   0x00000024   Code   RO         7572    .text               startup_stm32f427_437xx.o
    0x0800029c   0x0800029c   0x00000024   Code   RO         7605    .text               mc_w.l(memcpya.o)
    0x080002c0   0x080002c0   0x00000024   Code   RO         7607    .text               mc_w.l(memseta.o)
    0x080002e4   0x080002e4   0x00000038   Code   RO         7876    .text               mc_w.l(__0sscanf.o)
    0x0800031c   0x0800031c   0x0000014c   Code   RO         7878    .text               mc_w.l(_scanf_int.o)
    0x08000468   0x08000468   0x0000014e   Code   RO         7880    .text               mf_w.l(dadd.o)
    0x080005b6   0x080005b6   0x00000026   Code   RO         7882    .text               mf_w.l(f2d.o)
    0x080005dc   0x080005dc   0x00000038   Code   RO         7884    .text               mf_w.l(d2f.o)
    0x08000614   0x08000614   0x0000002c   Code   RO         7952    .text               mc_w.l(uidiv.o)
    0x08000640   0x08000640   0x0000001e   Code   RO         7956    .text               mc_w.l(llshl.o)
    0x0800065e   0x0800065e   0x00000024   Code   RO         7958    .text               mc_w.l(llsshr.o)
    0x08000682   0x08000682   0x0000001c   Code   RO         7967    .text               mc_w.l(_chval.o)
    0x0800069e   0x0800069e   0x00000002   PAD
    0x080006a0   0x080006a0   0x00000028   Code   RO         7969    .text               mc_w.l(scanf_char.o)
    0x080006c8   0x080006c8   0x00000040   Code   RO         7971    .text               mc_w.l(_sgetc.o)
    0x08000708   0x08000708   0x00000000   Code   RO         7973    .text               mc_w.l(iusefp.o)
    0x08000708   0x08000708   0x0000006e   Code   RO         7974    .text               mf_w.l(fepilogue.o)
    0x08000776   0x08000776   0x000000ba   Code   RO         7976    .text               mf_w.l(depilogue.o)
    0x08000830   0x08000830   0x000000e4   Code   RO         7978    .text               mf_w.l(dmul.o)
    0x08000914   0x08000914   0x000000de   Code   RO         7980    .text               mf_w.l(ddiv.o)
    0x080009f2   0x080009f2   0x0000002e   Code   RO         7984    .text               mf_w.l(dscalb.o)
    0x08000a20   0x08000a20   0x00000022   Code   RO         7986    .text               mf_w.l(dflti.o)
    0x08000a42   0x08000a42   0x00000002   PAD
    0x08000a44   0x08000a44   0x00000030   Code   RO         7990    .text               mf_w.l(cdrcmple.o)
    0x08000a74   0x08000a74   0x00000024   Code   RO         7992    .text               mc_w.l(init.o)
    0x08000a98   0x08000a98   0x00000020   Code   RO         7994    .text               mc_w.l(llushr.o)
    0x08000ab8   0x08000ab8   0x0000000a   Code   RO         7996    .text               mc_w.l(isspace_c.o)
    0x08000ac2   0x08000ac2   0x00000002   PAD
    0x08000ac4   0x08000ac4   0x0000032c   Code   RO         7998    .text               mc_w.l(_scanf.o)
    0x08000df0   0x08000df0   0x000000a2   Code   RO         8000    .text               mf_w.l(dsqrt.o)
    0x08000e92   0x08000e92   0x00000002   PAD
    0x08000e94   0x08000e94   0x00000028   Code   RO         8004    .text               mc_w.l(ctype_c.o)
    0x08000ebc   0x08000ebc   0x0000001c   Code   RO          747    i.Aiming_Init       aiming_control.o
    0x08000ed8   0x08000ed8   0x0000004c   Code   RO          748    i.Aiming_Process    aiming_control.o
    0x08000f24   0x08000f24   0x000000fc   Code   RO         1102    i.Analysis_getinfo  analysis.o
    0x08001020   0x08001020   0x00000002   Code   RO          267    i.BusFault_Handler  stm32f4xx_it.o
    0x08001022   0x08001022   0x00000002   PAD
    0x08001024   0x08001024   0x000000d8   Code   RO         1231    i.CAN1_QuickInit    bsp_can.o
    0x080010fc   0x080010fc   0x0000005c   Code   RO          268    i.CAN1_RX0_IRQHandler  stm32f4xx_it.o
    0x08001158   0x08001158   0x0000003c   Code   RO          403    i.CAN1_ReceiveTask  task_can.o
    0x08001194   0x08001194   0x00000078   Code   RO         2777    i.CAN_ClearITPendingBit  stm32f4xx_can.o
    0x0800120c   0x0800120c   0x000000cc   Code   RO         2781    i.CAN_FilterInit    stm32f4xx_can.o
    0x080012d8   0x080012d8   0x000000a8   Code   RO         2783    i.CAN_GetITStatus   stm32f4xx_can.o
    0x08001380   0x08001380   0x00000010   Code   RO         2787    i.CAN_ITConfig      stm32f4xx_can.o
    0x08001390   0x08001390   0x000000e8   Code   RO         2788    i.CAN_Init          stm32f4xx_can.o
    0x08001478   0x08001478   0x00000090   Code   RO         2791    i.CAN_Receive       stm32f4xx_can.o
    0x08001508   0x08001508   0x0000003c   Code   RO          404    i.CAN_TaskCreate    task_can.o
    0x08001544   0x08001544   0x000000a4   Code   RO         2796    i.CAN_Transmit      stm32f4xx_can.o
    0x080015e8   0x080015e8   0x00000038   Code   RO         1232    i.CAN_sendData      bsp_can.o
    0x08001620   0x08001620   0x000000b0   Code   RO          784    i.Chassis_Init      chassis_control.o
    0x080016d0   0x080016d0   0x0000000c   Code   RO         2799    i.CheckITStatus     stm32f4xx_can.o
    0x080016dc   0x080016dc   0x00000040   Code   RO          840    i.Cloud_And_Emitter_CurrentSetting  current_setting.o
    0x0800171c   0x0800171c   0x00000030   Code   RO          841    i.Cloud_CurrentSetting  current_setting.o
    0x0800174c   0x0800174c   0x0000011c   Code   RO          675    i.Cloud_Init        cloud_control.o
    0x08001868   0x08001868   0x00000078   Code   RO          676    i.Cloud_Judgement   cloud_control.o
    0x080018e0   0x080018e0   0x000001f4   Code   RO          677    i.Cloud_Process     cloud_control.o
    0x08001ad4   0x08001ad4   0x00000030   Code   RO          489    i.Cloud_Task        task_control.o
    0x08001b04   0x08001b04   0x0000007c   Code   RO          490    i.Control_TaskCreate  task_control.o
    0x08001b80   0x08001b80   0x00000014   Code   RO         3556    i.DMA_Cmd           stm32f4xx_dma.o
    0x08001b94   0x08001b94   0x00000124   Code   RO         3557    i.DMA_DeInit        stm32f4xx_dma.o
    0x08001cb8   0x08001cb8   0x0000000e   Code   RO         3561    i.DMA_GetCmdStatus  stm32f4xx_dma.o
    0x08001cc6   0x08001cc6   0x00000006   Code   RO         3562    i.DMA_GetCurrDataCounter  stm32f4xx_dma.o
    0x08001ccc   0x08001ccc   0x00000054   Code   RO         3568    i.DMA_Init          stm32f4xx_dma.o
    0x08001d20   0x08001d20   0x00000004   Code   RO         3571    i.DMA_SetCurrDataCounter  stm32f4xx_dma.o
    0x08001d24   0x08001d24   0x0000001c   Code   RO          590    i.DR16_Init         dr16.o
    0x08001d40   0x08001d40   0x00000030   Code   RO         1204    i.DR16_KeyState     bsp_key.o
    0x08001d70   0x08001d70   0x00000148   Code   RO          591    i.DR16_Process      dr16.o
    0x08001eb8   0x08001eb8   0x00000024   Code   RO          592    i.Data_Suppers      dr16.o
    0x08001edc   0x08001edc   0x00000002   Code   RO          269    i.DebugMon_Handler  stm32f4xx_it.o
    0x08001ede   0x08001ede   0x00000002   PAD
    0x08001ee0   0x08001ee0   0x000000b0   Code   RO          651    i.DeviceFlash       device_flash.o
    0x08001f90   0x08001f90   0x00000016   Code   RO          491    i.Devices_Task      task_control.o
    0x08001fa6   0x08001fa6   0x00000016   Code   RO         1144    i.Filter_IIRLPF     filter.o
    0x08001fbc   0x08001fbc   0x00000024   Code   RO         1145    i.Filter_IIRLPFInt  filter.o
    0x08001fe0   0x08001fe0   0x00000068   Code   RO         1029    i.FuzzyPID_POSInit  pid.o
    0x08002048   0x08002048   0x00000114   Code   RO         1030    i.FuzzyPID_PosCalculation  pid.o
    0x0800215c   0x0800215c   0x000000a2   Code   RO         4401    i.GPIO_Init         stm32f4xx_gpio.o
    0x080021fe   0x080021fe   0x00000020   Code   RO         4402    i.GPIO_PinAFConfig  stm32f4xx_gpio.o
    0x0800221e   0x0800221e   0x00000004   Code   RO         4408    i.GPIO_ResetBits    stm32f4xx_gpio.o
    0x08002222   0x08002222   0x00000004   Code   RO         4409    i.GPIO_SetBits      stm32f4xx_gpio.o
    0x08002226   0x08002226   0x00000008   Code   RO         4411    i.GPIO_ToggleBits   stm32f4xx_gpio.o
    0x0800222e   0x0800222e   0x0000000a   Code   RO         4413    i.GPIO_WriteBit     stm32f4xx_gpio.o
    0x08002238   0x08002238   0x00000020   Code   RO          541    i.GY_IMU_Checksum   imu.o
    0x08002258   0x08002258   0x0000001c   Code   RO          679    i.GetPitch_withDown  cloud_control.o
    0x08002274   0x08002274   0x00000028   Code   RO          681    i.GetYAW_withLeft   cloud_control.o
    0x0800229c   0x0800229c   0x00000002   Code   RO          270    i.HardFault_Handler  stm32f4xx_it.o
    0x0800229e   0x0800229e   0x00000002   PAD
    0x080022a0   0x080022a0   0x0000001c   Code   RO          542    i.IMU_Init          imu.o
    0x080022bc   0x080022bc   0x00000018   Code   RO          543    i.IMU_Synchronization  imu.o
    0x080022d4   0x080022d4   0x00000130   Code   RO          544    i.IMU_getinfo       imu.o
    0x08002404   0x08002404   0x00000030   Code   RO         1032    i.IncrementalPID_Init  pid.o
    0x08002434   0x08002434   0x0000002a   Code   RO         1282    i.Ki_Limiting       bsp_math.o
    0x0800245e   0x0800245e   0x00000002   PAD
    0x08002460   0x08002460   0x0000003c   Code   RO         1312    i.LASER_Init        bsp_laser.o
    0x0800249c   0x0800249c   0x000001b8   Code   RO         1177    i.LED_Init          bsp_led.o
    0x08002654   0x08002654   0x00000110   Code   RO          492    i.LED_LightTask     task_control.o
    0x08002764   0x08002764   0x00000048   Code   RO         1103    i.M2006_ZeroDealing_platform  analysis.o
    0x080027ac   0x080027ac   0x00000044   Code   RO         1104    i.M6623_ZeroDealing_platform  analysis.o
    0x080027f0   0x080027f0   0x00000014   Code   RO          682    i.M6623_setTargetAngle  cloud_control.o
    0x08002804   0x08002804   0x00000002   Code   RO          271    i.MemManage_Handler  stm32f4xx_it.o
    0x08002806   0x08002806   0x00000002   Code   RO          272    i.NMI_Handler       stm32f4xx_it.o
    0x08002808   0x08002808   0x0000001c   Code   RO         1261    i.NVIC_Config       bsp_nvic.o
    0x08002824   0x08002824   0x00000064   Code   RO         2481    i.NVIC_Init         misc.o
    0x08002888   0x08002888   0x00000014   Code   RO         2482    i.NVIC_PriorityGroupConfig  misc.o
    0x0800289c   0x0800289c   0x0000002a   Code   RO         1283    i.Output_Limting    bsp_math.o
    0x080028c6   0x080028c6   0x00000002   PAD
    0x080028c8   0x080028c8   0x00000030   Code   RO         1034    i.PositionPID_Init  pid.o
    0x080028f8   0x080028f8   0x00000018   Code   RO         5339    i.RCC_AHB1PeriphClockCmd  stm32f4xx_rcc.o
    0x08002910   0x08002910   0x00000018   Code   RO         5348    i.RCC_APB1PeriphClockCmd  stm32f4xx_rcc.o
    0x08002928   0x08002928   0x00000018   Code   RO         5351    i.RCC_APB2PeriphClockCmd  stm32f4xx_rcc.o
    0x08002940   0x08002940   0x00000094   Code   RO         5360    i.RCC_GetClocksFreq  stm32f4xx_rcc.o
    0x080029d4   0x080029d4   0x00000190   Code   RO          593    i.Rocket_transport  dr16.o
    0x08002b64   0x08002b64   0x000000d0   Code   RO         7531    i.SetSysClock       system_stm32f4xx.o
    0x08002c34   0x08002c34   0x00000014   Code   RO          273    i.SysTick_Handler   stm32f4xx_it.o
    0x08002c48   0x08002c48   0x0000005c   Code   RO         7533    i.SystemInit        system_stm32f4xx.o
    0x08002ca4   0x08002ca4   0x00000002   Code   RO          274    i.TIM6_DAC_IRQHandler  stm32f4xx_it.o
    0x08002ca6   0x08002ca6   0x00000002   PAD
    0x08002ca8   0x08002ca8   0x00000054   Code   RO          373    i.TaskStart         task_init.o
    0x08002cfc   0x08002cfc   0x0000006c   Code   RO          275    i.USART1_IRQHandler  stm32f4xx_it.o
    0x08002d68   0x08002d68   0x000000a8   Code   RO         1339    i.USART1_QuickInit  bsp_usart.o
    0x08002e10   0x08002e10   0x00000080   Code   RO         1340    i.USART1_RXDMA_Config  bsp_usart.o
    0x08002e90   0x08002e90   0x00000034   Code   RO          439    i.USART1_ReceiveTask  task_usart.o
    0x08002ec4   0x08002ec4   0x00000070   Code   RO          276    i.USART2_IRQHandler  stm32f4xx_it.o
    0x08002f34   0x08002f34   0x000000a8   Code   RO         1341    i.USART2_QuickInit  bsp_usart.o
    0x08002fdc   0x08002fdc   0x00000080   Code   RO         1342    i.USART2_RXDMA_Config  bsp_usart.o
    0x0800305c   0x0800305c   0x00000084   Code   RO          440    i.USART2_ReceiveTask  task_usart.o
    0x080030e0   0x080030e0   0x00000002   Code   RO          277    i.USART3_IRQHandler  stm32f4xx_it.o
    0x080030e2   0x080030e2   0x00000002   PAD
    0x080030e4   0x080030e4   0x00000084   Code   RO          278    i.USART6_IRQHandler  stm32f4xx_it.o
    0x08003168   0x08003168   0x000000a8   Code   RO         1343    i.USART6_QuickInit  bsp_usart.o
    0x08003210   0x08003210   0x00000080   Code   RO         1344    i.USART6_RXDMA_Config  bsp_usart.o
    0x08003290   0x08003290   0x00000044   Code   RO          441    i.USART6_ReceiveTask  task_usart.o
    0x080032d4   0x080032d4   0x00000014   Code   RO         7277    i.USART_Cmd         stm32f4xx_usart.o
    0x080032e8   0x080032e8   0x00000010   Code   RO         7278    i.USART_DMACmd      stm32f4xx_usart.o
    0x080032f8   0x080032f8   0x0000000e   Code   RO         7280    i.USART_GetFlagStatus  stm32f4xx_usart.o
    0x08003306   0x08003306   0x0000003e   Code   RO         7281    i.USART_GetITStatus  stm32f4xx_usart.o
    0x08003344   0x08003344   0x00000030   Code   RO         7283    i.USART_ITConfig    stm32f4xx_usart.o
    0x08003374   0x08003374   0x000000ac   Code   RO         7284    i.USART_Init        stm32f4xx_usart.o
    0x08003420   0x08003420   0x00000008   Code   RO         7294    i.USART_SendData    stm32f4xx_usart.o
    0x08003428   0x08003428   0x000000b4   Code   RO          442    i.USART_TaskCreate  task_usart.o
    0x080034dc   0x080034dc   0x00000002   Code   RO          279    i.UsageFault_Handler  stm32f4xx_it.o
    0x080034de   0x080034de   0x00000002   PAD
    0x080034e0   0x080034e0   0x00000020   Code   RO         7704    i.__0printf$3       mc_w.l(printf3.o)
    0x08003500   0x08003500   0x00000030   Code   RO         7920    i.__ARM_fpclassify  m_wm.l(fpclassify.o)
    0x08003530   0x08003530   0x000002d8   Code   RO         7886    i.__hardfp_atan     m_wm.l(atan.o)
    0x08003808   0x08003808   0x000001f0   Code   RO         7576    i.__hardfp_atan2    m_wm.l(atan2.o)
    0x080039f8   0x080039f8   0x00000c50   Code   RO         7588    i.__hardfp_pow      m_wm.l(pow.o)
    0x08004648   0x08004648   0x000000f8   Code   RO         7922    i.__kernel_poly     m_wm.l(poly.o)
    0x08004740   0x08004740   0x00000030   Code   RO         7900    i.__mathlib_dbl_divzero  m_wm.l(dunder.o)
    0x08004770   0x08004770   0x00000014   Code   RO         7901    i.__mathlib_dbl_infnan  m_wm.l(dunder.o)
    0x08004784   0x08004784   0x00000014   Code   RO         7902    i.__mathlib_dbl_infnan2  m_wm.l(dunder.o)
    0x08004798   0x08004798   0x00000020   Code   RO         7903    i.__mathlib_dbl_invalid  m_wm.l(dunder.o)
    0x080047b8   0x080047b8   0x00000020   Code   RO         7904    i.__mathlib_dbl_overflow  m_wm.l(dunder.o)
    0x080047d8   0x080047d8   0x00000020   Code   RO         7906    i.__mathlib_dbl_underflow  m_wm.l(dunder.o)
    0x080047f8   0x080047f8   0x0000000e   Code   RO         8009    i.__scatterload_copy  mc_w.l(handlers.o)
    0x08004806   0x08004806   0x00000002   Code   RO         8010    i.__scatterload_null  mc_w.l(handlers.o)
    0x08004808   0x08004808   0x0000000e   Code   RO         8011    i.__scatterload_zeroinit  mc_w.l(handlers.o)
    0x08004816   0x08004816   0x00000002   PAD
    0x08004818   0x08004818   0x0000000c   Code   RO         7962    i.__set_errno       mc_w.l(errno.o)
    0x08004824   0x08004824   0x000001b8   Code   RO         7711    i._printf_core      mc_w.l(printf3.o)
    0x080049dc   0x080049dc   0x00000010   Code   RO         1284    i.abs_Calculation   bsp_math.o
    0x080049ec   0x080049ec   0x00000010   Code   RO         7888    i.atan              m_wm.l(atan.o)
    0x080049fc   0x080049fc   0x00000018   Code   RO         7916    i.fabs              m_wm.l(fabs.o)
    0x08004a14   0x08004a14   0x00000024   Code   RO         1347    i.fputc             bsp_usart.o
    0x08004a38   0x08004a38   0x00000328   Code   RO         1035    i.fuzzy_kd          pid.o
    0x08004d60   0x08004d60   0x00000328   Code   RO         1036    i.fuzzy_ki          pid.o
    0x08005088   0x08005088   0x00000328   Code   RO         1037    i.fuzzy_kp          pid.o
    0x080053b0   0x080053b0   0x00000034   Code   RO            4    i.main              main.o
    0x080053e4   0x080053e4   0x00000070   Code   RO         1842    i.prvAddCurrentTaskToDelayedList  tasks.o
    0x08005454   0x08005454   0x000000d0   Code   RO         1843    i.prvAddNewTaskToReadyList  tasks.o
    0x08005524   0x08005524   0x00000050   Code   RO         2199    i.prvCheckForValidListAndQueue  timers.o
    0x08005574   0x08005574   0x00000050   Code   RO         1844    i.prvCheckTasksWaitingTermination  tasks.o
    0x080055c4   0x080055c4   0x00000026   Code   RO         1612    i.prvCopyDataFromQueue  queue.o
    0x080055ea   0x080055ea   0x0000006c   Code   RO         1613    i.prvCopyDataToQueue  queue.o
    0x08005656   0x08005656   0x00000014   Code   RO         1845    i.prvDeleteTCB      tasks.o
    0x0800566a   0x0800566a   0x00000002   PAD
    0x0800566c   0x0800566c   0x0000004c   Code   RO         2331    i.prvHeapInit       heap_4.o
    0x080056b8   0x080056b8   0x00000028   Code   RO         1846    i.prvIdleTask       tasks.o
    0x080056e0   0x080056e0   0x000000c4   Code   RO         1847    i.prvInitialiseNewTask  tasks.o
    0x080057a4   0x080057a4   0x0000004c   Code   RO         2332    i.prvInsertBlockIntoFreeList  heap_4.o
    0x080057f0   0x080057f0   0x00000038   Code   RO         2200    i.prvInsertTimerInActiveList  timers.o
    0x08005828   0x08005828   0x0000001c   Code   RO         1614    i.prvIsQueueEmpty   queue.o
    0x08005844   0x08005844   0x00000094   Code   RO         1615    i.prvNotifyQueueSetContainer  queue.o
    0x080058d8   0x080058d8   0x00000060   Code   RO         2201    i.prvProcessExpiredTimer  timers.o
    0x08005938   0x08005938   0x000000f0   Code   RO         2202    i.prvProcessReceivedCommands  timers.o
    0x08005a28   0x08005a28   0x0000006c   Code   RO         2203    i.prvProcessTimerOrBlockTask  timers.o
    0x08005a94   0x08005a94   0x00000020   Code   RO         1849    i.prvResetNextTaskUnblockTime  tasks.o
    0x08005ab4   0x08005ab4   0x00000028   Code   RO         2204    i.prvSampleTimeNow  timers.o
    0x08005adc   0x08005adc   0x0000006c   Code   RO         2205    i.prvSwitchTimerLists  timers.o
    0x08005b48   0x08005b48   0x00000068   Code   RO         2393    i.prvTaskExitError  port.o
    0x08005bb0   0x08005bb0   0x00000024   Code   RO         2206    i.prvTimerTask      timers.o
    0x08005bd4   0x08005bd4   0x00000078   Code   RO         1616    i.prvUnlockQueue    queue.o
    0x08005c4c   0x08005c4c   0x00000118   Code   RO         2333    i.pvPortMalloc      heap_4.o
    0x08005d64   0x08005d64   0x00000018   Code   RO         1851    i.pvTaskIncrementMutexHeldCount  tasks.o
    0x08005d7c   0x08005d7c   0x0000002c   Code   RO         2394    i.pxPortInitialiseStack  port.o
    0x08005da8   0x08005da8   0x0000006e   Code   RO         7927    i.sqrt              m_wm.l(sqrt.o)
    0x08005e16   0x08005e16   0x00000024   Code   RO         1563    i.uxListRemove      list.o
    0x08005e3a   0x08005e3a   0x00000016   Code   RO         1564    i.vListInitialise   list.o
    0x08005e50   0x08005e50   0x00000006   Code   RO         1565    i.vListInitialiseItem  list.o
    0x08005e56   0x08005e56   0x00000030   Code   RO         1566    i.vListInsert       list.o
    0x08005e86   0x08005e86   0x00000018   Code   RO         1567    i.vListInsertEnd    list.o
    0x08005e9e   0x08005e9e   0x00000002   PAD
    0x08005ea0   0x08005ea0   0x0000007c   Code   RO         2396    i.vPortEnterCritical  port.o
    0x08005f1c   0x08005f1c   0x00000068   Code   RO         2397    i.vPortExitCritical  port.o
    0x08005f84   0x08005f84   0x000000a0   Code   RO         2334    i.vPortFree         heap_4.o
    0x08006024   0x08006024   0x00000020   Code   RO         2398    i.vPortSetupTimerInterrupt  port.o
    0x08006044   0x08006044   0x00000090   Code   RO         2399    i.vPortValidateInterruptPriority  port.o
    0x080060d4   0x080060d4   0x00000028   Code   RO         1622    i.vQueueAddToRegistry  queue.o
    0x080060fc   0x080060fc   0x00000044   Code   RO         1626    i.vQueueWaitForMessageRestricted  queue.o
    0x08006140   0x08006140   0x00000070   Code   RO         1859    i.vTaskDelay        tasks.o
    0x080061b0   0x080061b0   0x000000a8   Code   RO         1860    i.vTaskDelayUntil   tasks.o
    0x08006258   0x08006258   0x000000d0   Code   RO         1861    i.vTaskDelete       tasks.o
    0x08006328   0x08006328   0x0000000c   Code   RO         1865    i.vTaskMissedYield  tasks.o
    0x08006334   0x08006334   0x00000058   Code   RO         1867    i.vTaskPlaceOnEventList  tasks.o
    0x0800638c   0x0800638c   0x00000060   Code   RO         1868    i.vTaskPlaceOnEventListRestricted  tasks.o
    0x080063ec   0x080063ec   0x00000084   Code   RO         1870    i.vTaskPriorityInherit  tasks.o
    0x08006470   0x08006470   0x0000004c   Code   RO         1874    i.vTaskSetTimeOutState  tasks.o
    0x080064bc   0x080064bc   0x00000098   Code   RO         1875    i.vTaskStartScheduler  tasks.o
    0x08006554   0x08006554   0x00000010   Code   RO         1877    i.vTaskSuspendAll   tasks.o
    0x08006564   0x08006564   0x00000080   Code   RO         1878    i.vTaskSwitchContext  tasks.o
    0x080065e4   0x080065e4   0x00000114   Code   RO         2400    i.xPortStartScheduler  port.o
    0x080066f8   0x080066f8   0x0000002c   Code   RO         2401    i.xPortSysTickHandler  port.o
    0x08006724   0x08006724   0x0000007c   Code   RO         1631    i.xQueueGenericCreate  queue.o
    0x080067a0   0x080067a0   0x00000188   Code   RO         1632    i.xQueueGenericReceive  queue.o
    0x08006928   0x08006928   0x000000ac   Code   RO         1633    i.xQueueGenericReset  queue.o
    0x080069d4   0x080069d4   0x00000184   Code   RO         1634    i.xQueueGenericSend  queue.o
    0x08006b58   0x08006b58   0x000000e8   Code   RO         1635    i.xQueueGenericSendFromISR  queue.o
    0x08006c40   0x08006c40   0x0000008c   Code   RO         1879    i.xTaskCheckForTimeOut  tasks.o
    0x08006ccc   0x08006ccc   0x00000056   Code   RO         1880    i.xTaskCreate       tasks.o
    0x08006d22   0x08006d22   0x00000002   PAD
    0x08006d24   0x08006d24   0x0000001c   Code   RO         1884    i.xTaskGetSchedulerState  tasks.o
    0x08006d40   0x08006d40   0x0000000c   Code   RO         1885    i.xTaskGetTickCount  tasks.o
    0x08006d4c   0x08006d4c   0x000000ec   Code   RO         1887    i.xTaskIncrementTick  tasks.o
    0x08006e38   0x08006e38   0x000000b8   Code   RO         1890    i.xTaskPriorityDisinherit  tasks.o
    0x08006ef0   0x08006ef0   0x0000009c   Code   RO         1891    i.xTaskRemoveFromEventList  tasks.o
    0x08006f8c   0x08006f8c   0x000000ec   Code   RO         1893    i.xTaskResumeAll    tasks.o
    0x08007078   0x08007078   0x00000074   Code   RO         2209    i.xTimerCreate      timers.o
    0x080070ec   0x080070ec   0x00000074   Code   RO         2210    i.xTimerCreateTimerTask  timers.o
    0x08007160   0x08007160   0x00000090   Code   RO         2211    i.xTimerGenericCommand  timers.o
    0x080071f0   0x080071f0   0x00000080   Data   RO          684    .constdata          cloud_control.o
    0x08007270   0x08007270   0x000002f4   Data   RO         1038    .constdata          pid.o
    0x08007564   0x08007564   0x00000004   PAD
    0x08007568   0x08007568   0x00000088   Data   RO         7591    .constdata          m_wm.l(pow.o)
    0x080075f0   0x080075f0   0x00000098   Data   RO         7889    .constdata          m_wm.l(atan.o)
    0x08007688   0x08007688   0x00000008   Data   RO         7924    .constdata          m_wm.l(qnan.o)
    0x08007690   0x08007690   0x00000040   Data   RO         8005    .constdata          mc_w.l(ctype_c.o)
    0x080076d0   0x080076d0   0x00000020   Data   RO         8007    Region$$Table       anon$$obj.o


    Execution Region RW_IRAM1 (Exec base: 0x20000000, Load base: 0x080076f0, Size: 0x0000cb20, Max: 0x00030000, ABSOLUTE)

    Exec Addr    Load Addr    Size         Type   Attr      Idx    E Section Name        Object

    0x20000000   0x080076f0   0x00000002   Data   RW          280    .data               stm32f4xx_it.o
    0x20000002   0x080076f2   0x00000002   PAD
    0x20000004   0x080076f4   0x00000004   Data   RW          374    .data               task_init.o
    0x20000008   0x080076f8   0x00000008   Data   RW          405    .data               task_can.o
    0x20000010   0x08007700   0x00000018   Data   RW          443    .data               task_usart.o
    0x20000028   0x08007718   0x0000000c   Data   RW          493    .data               task_control.o
    0x20000034   0x08007724   0x00000008   Data   RW          685    .data               cloud_control.o
    0x2000003c   0x0800772c   0x00000008   Data   RW          750    .data               aiming_control.o
    0x20000044   0x08007734   0x00000004   Data   RW         1348    .data               bsp_usart.o
    0x20000048   0x08007738   0x0000003c   Data   RW         1896    .data               tasks.o
    0x20000084   0x08007774   0x00000014   Data   RW         2219    .data               timers.o
    0x20000098   0x08007788   0x00000018   Data   RW         2339    .data               heap_4.o
    0x200000b0   0x080077a0   0x0000000c   Data   RW         2402    .data               port.o
    0x200000bc   0x080077ac   0x00000010   Data   RW         5392    .data               stm32f4xx_rcc.o
    0x200000cc   0x080077bc   0x00000014   Data   RW         7534    .data               system_stm32f4xx.o
    0x200000e0   0x080077d0   0x00000004   Data   RW         7951    .data               mc_w.l(stdout.o)
    0x200000e4   0x080077d4   0x00000004   Data   RW         7963    .data               mc_w.l(errno.o)
    0x200000e8        -       0x0000001e   Zero   RW          545    .bss                imu.o
    0x20000106   0x080077d8   0x00000002   PAD
    0x20000108        -       0x00000028   Zero   RW          546    .bss                imu.o
    0x20000130        -       0x00000080   Zero   RW          594    .bss                dr16.o
    0x200001b0        -       0x000001b8   Zero   RW          683    .bss                cloud_control.o
    0x20000368        -       0x00000018   Zero   RW          749    .bss                aiming_control.o
    0x20000380        -       0x00000080   Zero   RW          789    .bss                chassis_control.o
    0x20000400        -       0x000003d4   Zero   RW         1105    .bss                analysis.o
    0x200007d4        -       0x00000040   Zero   RW         1646    .bss                queue.o
    0x20000814        -       0x000002e4   Zero   RW         1895    .bss                tasks.o
    0x20000af8        -       0x00000028   Zero   RW         2218    .bss                timers.o
    0x20000b20        -       0x0000b800   Zero   RW         2338    .bss                heap_4.o
    0x2000c320        -       0x00000800   Zero   RW         7569    STACK               startup_stm32f427_437xx.o


==============================================================================

Image component sizes


      Code (inc. data)   RO Data    RW Data    ZI Data      Debug   Object Name

       104         18          0          8         24       2257   aiming_control.o
       392         32          0          0        980       3703   analysis.o
       272          8          0          0          0       1892   bsp_can.o
        48          0          0          0          0       1416   bsp_key.o
        60          4          0          0          0        557   bsp_laser.o
       440         14          0          0          0        767   bsp_led.o
       100          0          0          0          0       1725   bsp_math.o
        28          0          0          0          0        662   bsp_nvic.o
       924         60          0          4          0       5611   bsp_usart.o
       176         22          0          0        128       1581   chassis_control.o
       992        104        128          8        440       6050   cloud_control.o
       112         12          0          0          0     308970   current_setting.o
       176         22          0          0          0        750   device_flash.o
       792         46          0          0        128       6143   dr16.o
         0          0          0          0          0      11840   event_groups.o
        58          0          0          0          0       1199   filter.o
       592        146          0         24      47104       4147   heap_4.o
       388         22          0          0         70       3961   imu.o
       136          0          0          0          0       3298   list.o
        52         22          0          0          0     267815   main.o
       120         14          0          0          0       1759   misc.o
      2900         56        756          0          0       8811   pid.o
      1054        404          0         12          0      11029   port.o
      1858        262          0          0         64      13641   queue.o
        36          8        428          0       2048        940   startup_stm32f427_437xx.o
      1060         20          0          0          0       7546   stm32f4xx_can.o
       420         24          0          0          0       5647   stm32f4xx_dma.o
       220          0          0          0          0       4621   stm32f4xx_gpio.o
       480         82          0          2          0       6896   stm32f4xx_it.o
       220         34          0         16          0       5235   stm32f4xx_rcc.o
       340          8          0          0          0       6236   stm32f4xx_usart.o
       300         36          0         20          0       1961   system_stm32f4xx.o
       120         32          0          8          0       1287   task_can.o
       466         74          0         12          0       2573   task_control.o
        84          4          0          4          0        799   task_init.o
       432        138          0         24          0       2785   task_usart.o
      2978        772          0         60        740      31105   tasks.o
      1140        258          0         20         40      10170   timers.o

    ----------------------------------------------------------------------
     20094       2758       1348        224      51768     757385   Object Totals
         0          0         32          0          0          0   (incl. Generated)
        24          0          4          2          2          0   (incl. Padding)

    ----------------------------------------------------------------------

      Code (inc. data)   RO Data    RW Data    ZI Data      Debug   Library Member Name

       744        106        152          0          0        352   atan.o
       496         64          0          0          0        192   atan2.o
       184         44          0          0          0        744   dunder.o
        24          0          0          0          0        124   fabs.o
        48          0          0          0          0        124   fpclassify.o
       248          0          0          0          0        152   poly.o
      3152        296        136          0          0        352   pow.o
         0          0          8          0          0          0   qnan.o
       110          0          0          0          0        148   sqrt.o
        56          8          0          0          0         84   __0sscanf.o
        28          0          0          0          0         68   _chval.o
       812          4          0          0          0        112   _scanf.o
       332          0          0          0          0         96   _scanf_int.o
        64          0          0          0          0         84   _sgetc.o
        40          6         64          0          0         68   ctype_c.o
         0          0          0          0          0          0   entry.o
         0          0          0          0          0          0   entry10a.o
         0          0          0          0          0          0   entry11a.o
         8          4          0          0          0          0   entry2.o
         4          0          0          0          0          0   entry5.o
         0          0          0          0          0          0   entry7b.o
         0          0          0          0          0          0   entry8b.o
         8          4          0          0          0          0   entry9a.o
        12          6          0          4          0         68   errno.o
        30          0          0          0          0          0   handlers.o
        36          8          0          0          0         68   init.o
        10          0          0          0          0         68   isspace_c.o
         0          0          0          0          0          0   iusefp.o
        30          0          0          0          0         68   llshl.o
        36          0          0          0          0         68   llsshr.o
        32          0          0          0          0         68   llushr.o
        36          0          0          0          0         68   memcpya.o
        36          0          0          0          0        108   memseta.o
       472         14          0          0          0        184   printf3.o
        40          8          0          0          0         84   scanf_char.o
         0          0          0          4          0          0   stdout.o
        44          0          0          0          0         80   uidiv.o
        48          0          0          0          0         68   cdrcmple.o
        56          0          0          0          0         88   d2f.o
       334          0          0          0          0        148   dadd.o
       222          0          0          0          0        100   ddiv.o
       186          0          0          0          0        176   depilogue.o
        34          0          0          0          0         76   dflti.o
       228          0          0          0          0         96   dmul.o
        46          0          0          0          0         80   dscalb.o
       162          0          0          0          0        100   dsqrt.o
        38          0          0          0          0         68   f2d.o
       110          0          0          0          0        168   fepilogue.o

    ----------------------------------------------------------------------
      8646        572        360          8          0       4800   Library Totals
        10          0          0          0          0          0   (incl. Padding)

    ----------------------------------------------------------------------

      Code (inc. data)   RO Data    RW Data    ZI Data      Debug   Library Name

      5006        510        296          0          0       2188   m_wm.l
      2166         62         64          8          0       1444   mc_w.l
      1464          0          0          0          0       1168   mf_w.l

    ----------------------------------------------------------------------
      8646        572        360          8          0       4800   Library Totals

    ----------------------------------------------------------------------

==============================================================================


      Code (inc. data)   RO Data    RW Data    ZI Data      Debug   

     28740       3330       1708        232      51768     743537   Grand Totals
     28740       3330       1708        232      51768     743537   ELF Image Totals
     28740       3330       1708        232          0          0   ROM Totals

==============================================================================

    Total RO  Size (Code + RO Data)                30448 (  29.73kB)
    Total RW  Size (RW Data + ZI Data)             52000 (  50.78kB)
    Total ROM Size (Code + RO Data + RW Data)      30680 (  29.96kB)

==============================================================================

